******************************************************************************
                  TI ARM Linker PC v16.9.1                     
******************************************************************************
>> Linked Tue May 09 01:25:30 2017

OUTPUT FILE NAME:   <PTC08_Camera.out>
ENTRY POINT SYMBOL: "_c_int00"  address: 00000da1


MEMORY CONFIGURATION

         name            origin    length      used     unused   attr    fill
----------------------  --------  ---------  --------  --------  ----  --------
  FLASH                 00000000   00040000  000012a6  0003ed5a  R  X
  SRAM                  20000000   00008000  00000519  00007ae7  RW X


SEGMENT ALLOCATION MAP

run origin  load origin   length   init length attrs members
----------  ----------- ---------- ----------- ----- -------
00000000    00000000    000012a8   000012a8    r-x
  00000000    00000000    0000026c   0000026c    r-- .intvecs
  0000026c    0000026c    00000e96   00000e96    r-x .text
  00001104    00001104    0000016c   0000016c    r-- .const
  00001270    00001270    00000038   00000038    r-- .cinit
20000000    20000000    0000051c   00000000    rw-
  20000000    20000000    00000400   00000000    rw- .stack
  20000400    20000400    00000101   00000000    rw- .bss
  20000504    20000504    00000018   00000000    rw- .data


SECTION ALLOCATION MAP

 output                                  attributes/
section   page    origin      length       input sections
--------  ----  ----------  ----------   ----------------
.intvecs   0    00000000    0000026c     
                  00000000    0000026c     tm4c123gh6pm_startup_ccs.obj (.intvecs)

.text      0    0000026c    00000e96     
                  0000026c    00000264     PTC08.obj (.text)
                  000004d0    0000015c     buffer.obj (.text)
                  0000062c    00000132     driverlib.lib : gpio.obj (.text:GPIOPadConfigSet)
                  0000075e    00000002     rtsv7M4_T_le_v4SPD16_eabi.lib : mpu_init.obj (.text)
                  00000760    00000110     driverlib.lib : sysctl.obj (.text:SysCtlClockGet)
                  00000870    00000108     uart.obj (.text)
                  00000978    000000f4     driverlib.lib : sysctl.obj (.text:SysCtlClockSet)
                  00000a6c    0000009c     rtsv7M4_T_le_v4SPD16_eabi.lib : memcpy_t2.obj (.text)
                  00000b08    0000007c     timer.obj (.text)
                  00000b84    0000007a     rtsv7M4_T_le_v4SPD16_eabi.lib : memset_t2.obj (.text)
                  00000bfe    00000002                                   : startup.obj (.text)
                  00000c00    00000070                                   : autoinit.obj (.text)
                  00000c70    00000068     driverlib.lib : interrupt.obj (.text:IntEnable)
                  00000cd8    00000068     rtsv7M4_T_le_v4SPD16_eabi.lib : copy_decompress_lzss.obj (.text:decompress:lzss)
                  00000d40    00000060     driverlib.lib : timer.obj (.text:TimerConfigure)
                  00000da0    00000054     rtsv7M4_T_le_v4SPD16_eabi.lib : boot.obj (.text)
                  00000df4    00000054                                   : exit.obj (.text)
                  00000e48    0000004c                                   : cpy_tbl.obj (.text)
                  00000e94    00000048     driverlib.lib : gpio.obj (.text:GPIOPinConfigure)
                  00000edc    00000046                   : uart.obj (.text:UARTConfigSetExpClk)
                  00000f22    00000002     --HOLE-- [fill = 0]
                  00000f24    00000040     main.obj (.text)
                  00000f64    00000034     driverlib.lib : sysctl.obj (.text:SysCtlPeripheralEnable)
                  00000f98    0000002a                   : gpio.obj (.text:GPIODirModeSet)
                  00000fc2    00000002     --HOLE-- [fill = 0]
                  00000fc4    00000020                   : uart.obj (.text:UARTDisable)
                  00000fe4    00000018                   : timer.obj (.text:TimerDisable)
                  00000ffc    00000018     rtsv7M4_T_le_v4SPD16_eabi.lib : args_main.obj (.text)
                  00001014    00000014     driverlib.lib : uart.obj (.text:UARTEnable)
                  00001028    00000014     rtsv7M4_T_le_v4SPD16_eabi.lib : _lock.obj (.text)
                  0000103c    00000012     driverlib.lib : gpio.obj (.text:GPIOPinTypeUART)
                  0000104e    00000012                   : timer.obj (.text:TimerLoadSet)
                  00001060    00000010                   : interrupt.obj (.text:IntMasterEnable)
                  00001070    0000000e                   : timer.obj (.text:TimerEnable)
                  0000107e    0000000e                   : uart.obj (.text:UARTCharGetNonBlocking)
                  0000108c    0000000e                   : uart.obj (.text:UARTCharsAvail)
                  0000109a    0000000e     rtsv7M4_T_le_v4SPD16_eabi.lib : copy_decompress_none.obj (.text:decompress:none)
                  000010a8    0000000c     driverlib.lib : cpu.obj (.text:CPUcpsie)
                  000010b4    0000000c     rtsv7M4_T_le_v4SPD16_eabi.lib : copy_zero_init.obj (.text:decompress:ZI)
                  000010c0    0000000c     tm4c123gh6pm_startup_ccs.obj (.text)
                  000010cc    0000000a     driverlib.lib : uart.obj (.text:UARTCharPut)
                  000010d6    0000000a                   : uart.obj (.text:UARTIntStatus)
                  000010e0    00000008                   : timer.obj (.text:TimerIntEnable)
                  000010e8    00000008                   : uart.obj (.text:UARTIntEnable)
                  000010f0    00000006                   : sysctl.obj (.text:SysCtlDelay)
                  000010f6    00000004                   : timer.obj (.text:TimerIntClear)
                  000010fa    00000004                   : uart.obj (.text:UARTIntClear)
                  000010fe    00000004     rtsv7M4_T_le_v4SPD16_eabi.lib : pre_init.obj (.text)

.const     0    00001104    0000016c     
                  00001104    00000090     driverlib.lib : gpio.obj (.const:g_pui32GPIOBaseAddrs)
                  00001194    00000070                   : interrupt.obj (.const)
                  00001204    0000006c                   : sysctl.obj (.const:g_pui32Xtals)

.cinit     0    00001270    00000038     
                  00001270    00000011     (.cinit..data.load) [load image, compression = lzss]
                  00001281    00000003     --HOLE-- [fill = 0]
                  00001284    0000000c     (__TI_handler_table)
                  00001290    00000008     (.cinit..bss.load) [load image, compression = zero_init]
                  00001298    00000010     (__TI_cinit_table)

.init_array 
*          0    00000000    00000000     UNINITIALIZED

.stack     0    20000000    00000400     UNINITIALIZED
                  20000000    00000400     --HOLE--

.bss       0    20000400    00000101     UNINITIALIZED
                  20000400    000000f0     (.common:UART5_Data)
                  200004f0    00000010     (.common:UART5_Buffer)
                  20000500    00000001     (.common:timeout)

.data      0    20000504    00000018     UNINITIALIZED
                  20000504    0000000c     rtsv7M4_T_le_v4SPD16_eabi.lib : exit.obj (.data:$O1$$)
                  20000510    00000008                                   : _lock.obj (.data:$O1$$)
                  20000518    00000004                                   : stkdepth_vars.obj (.data)

MODULE SUMMARY

       Module                         code   ro data   rw data
       ------                         ----   -------   -------
    .\
       tm4c123gh6pm_startup_ccs.obj   12     620       0      
       PTC08.obj                      612    0         0      
       uart.obj                       264    0         256    
       buffer.obj                     348    0         0      
       timer.obj                      124    0         1      
       main.obj                       64     0         0      
    +--+------------------------------+------+---------+---------+
       Total:                         1424   620       257    
                                                              
    C:/ti/TivaWare_C_Series-2.1.3.156/driverlib/ccs/Debug/driverlib.lib
       sysctl.obj                     574    108       0      
       gpio.obj                       438    144       0      
       interrupt.obj                  120    112       0      
       uart.obj                       182    0         0      
       timer.obj                      164    0         0      
       cpu.obj                        12     0         0      
    +--+------------------------------+------+---------+---------+
       Total:                         1490   364       0      
                                                              
    C:\ti\ccsv7\tools\compiler\ti-cgt-arm_16.9.1.LTS\lib\rtsv7M4_T_le_v4SPD16_eabi.lib
       memcpy_t2.obj                  156    0         0      
       memset_t2.obj                  122    0         0      
       autoinit.obj                   112    0         0      
       copy_decompress_lzss.obj       104    0         0      
       exit.obj                       84     0         12     
       boot.obj                       84     0         0      
       cpy_tbl.obj                    76     0         0      
       _lock.obj                      20     0         8      
       args_main.obj                  24     0         0      
       copy_decompress_none.obj       14     0         0      
       copy_zero_init.obj             12     0         0      
       pre_init.obj                   4      0         0      
       stkdepth_vars.obj              0      0         4      
       mpu_init.obj                   2      0         0      
       startup.obj                    2      0         0      
    +--+------------------------------+------+---------+---------+
       Total:                         816    0         24     
                                                              
       Stack:                         0      0         1024   
       Linker Generated:              0      53        0      
    +--+------------------------------+------+---------+---------+
       Grand Total:                   3730   1037      1305   


LINKER GENERATED COPY TABLES

__TI_cinit_table @ 00001298 records: 2, size/record: 8, table size: 16
	.data: load addr=00001270, load size=00000011 bytes, run addr=20000504, run size=00000018 bytes, compression=lzss
	.bss: load addr=00001290, load size=00000008 bytes, run addr=20000400, run size=00000101 bytes, compression=zero_init


LINKER GENERATED HANDLER TABLE

__TI_handler_table @ 00001284 records: 3, size/record: 4, table size: 12
	index: 0, handler: __TI_decompress_lzss
	index: 1, handler: __TI_decompress_none
	index: 2, handler: __TI_zero_init


GLOBAL SYMBOLS: SORTED ALPHABETICALLY BY Name 

address   name                           
-------   ----                           
000005df  Buffer_Available               
00000611  Buffer_Empty                   
000005f3  Buffer_Full                    
000004d1  Buffer_Init                    
00000563  Buffer_Read                    
000004f7  Buffer_Write                   
00000df5  C$$EXIT                        
000010a9  CPUcpsie                       
00000f99  GPIODirModeSet                 
0000062d  GPIOPadConfigSet               
00000e95  GPIOPinConfigure               
0000103d  GPIOPinTypeUART                
00000c71  IntEnable                      
00001061  IntMasterEnable                
00000481  PTC08_FBuffCtrl                
00000413  PTC08_GetFBuffLen              
00000371  PTC08_ReadFBuff                
000010c1  ResetISR                       
UNDEFED   SHT$$INIT_ARRAY$$Base          
UNDEFED   SHT$$INIT_ARRAY$$Limit         
00000761  SysCtlClockGet                 
00000979  SysCtlClockSet                 
000010f1  SysCtlDelay                    
00000f65  SysCtlPeripheralEnable         
00000b67  TIMER0IntHandler               
00000b61  TIMER0_CheckTimeout            
00000b55  TIMER0_DisableTimer            
00000b37  TIMER0_SetTimer                
00000b09  TIMER0_init                    
00000d41  TimerConfigure                 
00000fe5  TimerDisable                   
00001071  TimerEnable                    
000010f7  TimerIntClear                  
000010e1  TimerIntEnable                 
0000104f  TimerLoadSet                   
00000913  UART5IntHandler                
000008f3  UART5_Available                
200004f0  UART5_Buffer                   
20000400  UART5_Data                     
00000871  UART5_Init                     
000008fd  UART5_ReadBytes                
000008c3  UART5_WriteBytes               
0000107f  UARTCharGetNonBlocking         
000010cd  UARTCharPut                    
0000108d  UARTCharsAvail                 
00000edd  UARTConfigSetExpClk            
00000fc5  UARTDisable                    
00001015  UARTEnable                     
000010fb  UARTIntClear                   
000010e9  UARTIntEnable                  
000010d7  UARTIntStatus                  
20000400  __STACK_END                    
00000400  __STACK_SIZE                   
20000200  __STACK_TOP                    
00001298  __TI_CINIT_Base                
000012a8  __TI_CINIT_Limit               
00001284  __TI_Handler_Table_Base        
00001290  __TI_Handler_Table_Limit       
00000c01  __TI_auto_init                 
20000504  __TI_cleanup_ptr               
00000cd9  __TI_decompress_lzss           
0000109b  __TI_decompress_none           
20000508  __TI_dtors_ptr                 
2000050c  __TI_enable_exit_profile_output
ffffffff  __TI_pprof_out_hndl            
ffffffff  __TI_prof_data_size            
ffffffff  __TI_prof_data_start           
00000000  __TI_static_base__             
000010b5  __TI_zero_init                 
00000b85  __aeabi_memclr                 
00000b85  __aeabi_memclr4                
00000b85  __aeabi_memclr8                
00000a6d  __aeabi_memcpy                 
00000a6d  __aeabi_memcpy4                
00000a6d  __aeabi_memcpy8                
00000b87  __aeabi_memset                 
00000b87  __aeabi_memset4                
00000b87  __aeabi_memset8                
ffffffff  __binit__                      
ffffffff  __c_args__                     
0000075f  __mpu_init                     
20000000  __stack                        
00000ffd  _args_main                     
00000da1  _c_int00                       
20000510  _lock                          
00001037  _nop                           
0000102f  _register_lock                 
00001029  _register_unlock               
00000bff  _system_post_cinit             
000010ff  _system_pre_init               
20000514  _unlock                        
00000df9  abort                          
ffffffff  binit                          
00000e49  copy_in                        
00000e01  exit                           
00000000  g_pfnVectors                   
00000f25  main                           
20000518  main_func_sp                   
00000a6d  memcpy                         
00000b8d  memset                         
20000500  timeout                        


GLOBAL SYMBOLS: SORTED BY Symbol Address 

address   name                           
-------   ----                           
00000000  __TI_static_base__             
00000000  g_pfnVectors                   
00000371  PTC08_ReadFBuff                
00000400  __STACK_SIZE                   
00000413  PTC08_GetFBuffLen              
00000481  PTC08_FBuffCtrl                
000004d1  Buffer_Init                    
000004f7  Buffer_Write                   
00000563  Buffer_Read                    
000005df  Buffer_Available               
000005f3  Buffer_Full                    
00000611  Buffer_Empty                   
0000062d  GPIOPadConfigSet               
0000075f  __mpu_init                     
00000761  SysCtlClockGet                 
00000871  UART5_Init                     
000008c3  UART5_WriteBytes               
000008f3  UART5_Available                
000008fd  UART5_ReadBytes                
00000913  UART5IntHandler                
00000979  SysCtlClockSet                 
00000a6d  __aeabi_memcpy                 
00000a6d  __aeabi_memcpy4                
00000a6d  __aeabi_memcpy8                
00000a6d  memcpy                         
00000b09  TIMER0_init                    
00000b37  TIMER0_SetTimer                
00000b55  TIMER0_DisableTimer            
00000b61  TIMER0_CheckTimeout            
00000b67  TIMER0IntHandler               
00000b85  __aeabi_memclr                 
00000b85  __aeabi_memclr4                
00000b85  __aeabi_memclr8                
00000b87  __aeabi_memset                 
00000b87  __aeabi_memset4                
00000b87  __aeabi_memset8                
00000b8d  memset                         
00000bff  _system_post_cinit             
00000c01  __TI_auto_init                 
00000c71  IntEnable                      
00000cd9  __TI_decompress_lzss           
00000d41  TimerConfigure                 
00000da1  _c_int00                       
00000df5  C$$EXIT                        
00000df9  abort                          
00000e01  exit                           
00000e49  copy_in                        
00000e95  GPIOPinConfigure               
00000edd  UARTConfigSetExpClk            
00000f25  main                           
00000f65  SysCtlPeripheralEnable         
00000f99  GPIODirModeSet                 
00000fc5  UARTDisable                    
00000fe5  TimerDisable                   
00000ffd  _args_main                     
00001015  UARTEnable                     
00001029  _register_unlock               
0000102f  _register_lock                 
00001037  _nop                           
0000103d  GPIOPinTypeUART                
0000104f  TimerLoadSet                   
00001061  IntMasterEnable                
00001071  TimerEnable                    
0000107f  UARTCharGetNonBlocking         
0000108d  UARTCharsAvail                 
0000109b  __TI_decompress_none           
000010a9  CPUcpsie                       
000010b5  __TI_zero_init                 
000010c1  ResetISR                       
000010cd  UARTCharPut                    
000010d7  UARTIntStatus                  
000010e1  TimerIntEnable                 
000010e9  UARTIntEnable                  
000010f1  SysCtlDelay                    
000010f7  TimerIntClear                  
000010fb  UARTIntClear                   
000010ff  _system_pre_init               
00001284  __TI_Handler_Table_Base        
00001290  __TI_Handler_Table_Limit       
00001298  __TI_CINIT_Base                
000012a8  __TI_CINIT_Limit               
20000000  __stack                        
20000200  __STACK_TOP                    
20000400  UART5_Data                     
20000400  __STACK_END                    
200004f0  UART5_Buffer                   
20000500  timeout                        
20000504  __TI_cleanup_ptr               
20000508  __TI_dtors_ptr                 
2000050c  __TI_enable_exit_profile_output
20000510  _lock                          
20000514  _unlock                        
20000518  main_func_sp                   
ffffffff  __TI_pprof_out_hndl            
ffffffff  __TI_prof_data_size            
ffffffff  __TI_prof_data_start           
ffffffff  __binit__                      
ffffffff  __c_args__                     
ffffffff  binit                          
UNDEFED   SHT$$INIT_ARRAY$$Base          
UNDEFED   SHT$$INIT_ARRAY$$Limit         

[101 symbols]
