******************************************************************************
                  TI ARM Linker PC v16.9.1                     
******************************************************************************
>> Linked Mon May 15 00:36:58 2017

OUTPUT FILE NAME:   <PTC08_Camera.out>
ENTRY POINT SYMBOL: "_c_int00"  address: 000015d9


MEMORY CONFIGURATION

         name            origin    length      used     unused   attr    fill
----------------------  --------  ---------  --------  --------  ----  --------
  FLASH                 00000000   00040000  00001b56  0003e4aa  R  X
  SRAM                  20000000   00008000  00000c79  00007387  RW X


SEGMENT ALLOCATION MAP

run origin  load origin   length   init length attrs members
----------  ----------- ---------- ----------- ----- -------
00000000    00000000    00001b58   00001b58    r-x
  00000000    00000000    0000026c   0000026c    r-- .intvecs
  0000026c    0000026c    00001716   00001716    r-x .text
  00001984    00001984    0000019c   0000019c    r-- .const
  00001b20    00001b20    00000038   00000038    r-- .cinit
20000000    20000000    00000c7c   00000000    rw-
  20000000    20000000    00000800   00000000    rw- .stack
  20000800    20000800    00000459   00000000    rw- .bss
  20000c5c    20000c5c    00000020   00000000    rw- .data


SECTION ALLOCATION MAP

 output                                  attributes/
section   page    origin      length       input sections
--------  ----  ----------  ----------   ----------------
.intvecs   0    00000000    0000026c     
                  00000000    0000026c     tm4c123gh6pm_startup_ccs.obj (.intvecs)

.text      0    0000026c    00001716     
                  0000026c    00000484     uartstdio.obj (.text)
                  000006f0    00000478     PTC08.obj (.text)
                  00000b68    0000019c     main.obj (.text)
                  00000d04    0000015c     buffer.obj (.text)
                  00000e60    00000132     driverlib.lib : gpio.obj (.text:GPIOPadConfigSet)
                  00000f92    00000002     rtsv7M4_T_le_v4SPD16_eabi.lib : i_div0.obj (.text)
                  00000f94    00000110     driverlib.lib : sysctl.obj (.text:SysCtlClockGet)
                  000010a4    0000010c     uart.obj (.text)
                  000011b0    000000f4     driverlib.lib : sysctl.obj (.text:SysCtlClockSet)
                  000012a4    0000009c     rtsv7M4_T_le_v4SPD16_eabi.lib : memcpy_t2.obj (.text)
                  00001340    0000007c     timer.obj (.text)
                  000013bc    0000007a     rtsv7M4_T_le_v4SPD16_eabi.lib : memset_t2.obj (.text)
                  00001436    00000002                                   : mpu_init.obj (.text)
                  00001438    00000070                                   : autoinit.obj (.text)
                  000014a8    00000068     driverlib.lib : interrupt.obj (.text:IntEnable)
                  00001510    00000068     rtsv7M4_T_le_v4SPD16_eabi.lib : copy_decompress_lzss.obj (.text:decompress:lzss)
                  00001578    00000060     driverlib.lib : timer.obj (.text:TimerConfigure)
                  000015d8    00000054     rtsv7M4_T_le_v4SPD16_eabi.lib : boot.obj (.text)
                  0000162c    00000054                                   : exit.obj (.text)
                  00001680    0000004c                                   : cpy_tbl.obj (.text)
                  000016cc    00000048     driverlib.lib : gpio.obj (.text:GPIOPinConfigure)
                  00001714    00000046                   : uart.obj (.text:UARTConfigSetExpClk)
                  0000175a    00000040     rtsv7M4_T_le_v4SPD16_eabi.lib : u_divt2.obj (.text)
                  0000179a    00000002                                   : startup.obj (.text)
                  0000179c    00000038     driverlib.lib : sysctl.obj (.text:SysCtlPeripheralPresent)
                  000017d4    00000034                   : sysctl.obj (.text:SysCtlPeripheralEnable)
                  00001808    0000002a                   : gpio.obj (.text:GPIODirModeSet)
                  00001832    00000002     --HOLE-- [fill = 0]
                  00001834    00000020                   : uart.obj (.text:UARTDisable)
                  00001854    00000018                   : timer.obj (.text:TimerDisable)
                  0000186c    00000018     rtsv7M4_T_le_v4SPD16_eabi.lib : args_main.obj (.text)
                  00001884    00000014     driverlib.lib : uart.obj (.text:UARTEnable)
                  00001898    00000014     rtsv7M4_T_le_v4SPD16_eabi.lib : _lock.obj (.text)
                  000018ac    00000012     driverlib.lib : gpio.obj (.text:GPIOPinTypeUART)
                  000018be    00000012                   : timer.obj (.text:TimerLoadSet)
                  000018d0    00000010                   : interrupt.obj (.text:IntMasterEnable)
                  000018e0    0000000e                   : timer.obj (.text:TimerEnable)
                  000018ee    0000000e                   : uart.obj (.text:UARTCharGetNonBlocking)
                  000018fc    0000000e                   : uart.obj (.text:UARTCharsAvail)
                  0000190a    0000000e     rtsv7M4_T_le_v4SPD16_eabi.lib : copy_decompress_none.obj (.text:decompress:none)
                  00001918    0000000c     driverlib.lib : cpu.obj (.text:CPUcpsie)
                  00001924    0000000c     rtsv7M4_T_le_v4SPD16_eabi.lib : copy_zero_init.obj (.text:decompress:ZI)
                  00001930    0000000c     tm4c123gh6pm_startup_ccs.obj (.text)
                  0000193c    0000000a     driverlib.lib : uart.obj (.text:UARTCharGet)
                  00001946    0000000a                   : uart.obj (.text:UARTCharPut)
                  00001950    0000000a                   : uart.obj (.text:UARTIntStatus)
                  0000195a    00000008                   : timer.obj (.text:TimerIntEnable)
                  00001962    00000008                   : uart.obj (.text:UARTIntEnable)
                  0000196a    00000006                   : sysctl.obj (.text:SysCtlDelay)
                  00001970    00000006                   : uart.obj (.text:UARTClockSourceSet)
                  00001976    00000004                   : timer.obj (.text:TimerIntClear)
                  0000197a    00000004                   : uart.obj (.text:UARTIntClear)
                  0000197e    00000004     rtsv7M4_T_le_v4SPD16_eabi.lib : pre_init.obj (.text)

.const     0    00001984    0000019c     
                  00001984    00000090     driverlib.lib : gpio.obj (.const:g_pui32GPIOBaseAddrs)
                  00001a14    00000070                   : interrupt.obj (.const)
                  00001a84    0000006c                   : sysctl.obj (.const:g_pui32Xtals)
                  00001af0    00000012     uartstdio.obj (.const:.string)
                  00001b02    00000002     --HOLE-- [fill = 0]
                  00001b04    0000000c     uartstdio.obj (.const:g_ui32UARTBase)
                  00001b10    0000000c     uartstdio.obj (.const:g_ui32UARTPeriph)
                  00001b1c    00000004     uartstdio.obj (.const)

.cinit     0    00001b20    00000038     
                  00001b20    00000011     (.cinit..data.load) [load image, compression = lzss]
                  00001b31    00000003     --HOLE-- [fill = 0]
                  00001b34    0000000c     (__TI_handler_table)
                  00001b40    00000008     (.cinit..bss.load) [load image, compression = zero_init]
                  00001b48    00000010     (__TI_cinit_table)

.init_array 
*          0    00000000    00000000     UNINITIALIZED

.stack     0    20000000    00000800     UNINITIALIZED
                  20000000    00000800     --HOLE--

.bss       0    20000800    00000459     UNINITIALIZED
                  20000800    00000400     (.common:UART5_Data)
                  20000c00    00000034     PTC08.obj (.bss:info$2)
                  20000c34    00000014     PTC08.obj (.bss:Response$1)
                  20000c48    00000010     (.common:UART5_Buffer)
                  20000c58    00000001     (.common:timeout)

.data      0    20000c5c    00000020     UNINITIALIZED
                  20000c5c    0000000c     rtsv7M4_T_le_v4SPD16_eabi.lib : exit.obj (.data:$O1$$)
                  20000c68    00000008                                   : _lock.obj (.data:$O1$$)
                  20000c70    00000005     uartstdio.obj (.data)
                  20000c75    00000003     --HOLE--
                  20000c78    00000004     rtsv7M4_T_le_v4SPD16_eabi.lib : stkdepth_vars.obj (.data)

MODULE SUMMARY

       Module                         code   ro data   rw data
       ------                         ----   -------   -------
    .\
       uart.obj                       268    0         1040   
       PTC08.obj                      1144   0         72     
       uartstdio.obj                  1156   46        5      
       tm4c123gh6pm_startup_ccs.obj   12     620       0      
       main.obj                       412    0         0      
       buffer.obj                     348    0         0      
       timer.obj                      124    0         1      
    +--+------------------------------+------+---------+---------+
       Total:                         3464   666       1118   
                                                              
    C:/ti/TivaWare_C_Series-2.1.3.156/driverlib/ccs/Debug/driverlib.lib
       sysctl.obj                     630    108       0      
       gpio.obj                       438    144       0      
       interrupt.obj                  120    112       0      
       uart.obj                       198    0         0      
       timer.obj                      164    0         0      
       cpu.obj                        12     0         0      
    +--+------------------------------+------+---------+---------+
       Total:                         1562   364       0      
                                                              
    C:\ti\ccsv7\tools\compiler\ti-cgt-arm_16.9.1.LTS\lib\rtsv7M4_T_le_v4SPD16_eabi.lib
       memcpy_t2.obj                  156    0         0      
       memset_t2.obj                  122    0         0      
       autoinit.obj                   112    0         0      
       copy_decompress_lzss.obj       104    0         0      
       exit.obj                       84     0         12     
       boot.obj                       84     0         0      
       cpy_tbl.obj                    76     0         0      
       u_divt2.obj                    64     0         0      
       _lock.obj                      20     0         8      
       args_main.obj                  24     0         0      
       copy_decompress_none.obj       14     0         0      
       copy_zero_init.obj             12     0         0      
       pre_init.obj                   4      0         0      
       stkdepth_vars.obj              0      0         4      
       i_div0.obj                     2      0         0      
       mpu_init.obj                   2      0         0      
       startup.obj                    2      0         0      
    +--+------------------------------+------+---------+---------+
       Total:                         882    0         24     
                                                              
       Stack:                         0      0         2048   
       Linker Generated:              0      53        0      
    +--+------------------------------+------+---------+---------+
       Grand Total:                   5908   1083      3190   


LINKER GENERATED COPY TABLES

__TI_cinit_table @ 00001b48 records: 2, size/record: 8, table size: 16
	.data: load addr=00001b20, load size=00000011 bytes, run addr=20000c5c, run size=00000020 bytes, compression=lzss
	.bss: load addr=00001b40, load size=00000008 bytes, run addr=20000800, run size=00000459 bytes, compression=zero_init


LINKER GENERATED HANDLER TABLE

__TI_handler_table @ 00001b34 records: 3, size/record: 4, table size: 12
	index: 0, handler: __TI_decompress_lzss
	index: 1, handler: __TI_decompress_none
	index: 2, handler: __TI_zero_init


GLOBAL SYMBOLS: SORTED ALPHABETICALLY BY Name 

address   name                           
-------   ----                           
00000e13  Buffer_Available               
00000e45  Buffer_Empty                   
00000e27  Buffer_Full                    
00000d05  Buffer_Init                    
00000d97  Buffer_Read                    
00000d2b  Buffer_Write                   
0000162d  C$$EXIT                        
00001919  CPUcpsie                       
00001809  GPIODirModeSet                 
00000e61  GPIOPadConfigSet               
000016cd  GPIOPinConfigure               
000018ad  GPIOPinTypeUART                
00000b69  InitConsole                    
000014a9  IntEnable                      
000018d1  IntMasterEnable                
00000943  PTC08_FBuffCtrl                
000008ed  PTC08_GetFBuffLen              
000009b9  PTC08_ReadData                 
00000843  PTC08_ReadFBuff                
0000097b  PTC08_Reset                    
00001931  ResetISR                       
UNDEFED   SHT$$INIT_ARRAY$$Base          
UNDEFED   SHT$$INIT_ARRAY$$Limit         
00000f95  SysCtlClockGet                 
000011b1  SysCtlClockSet                 
0000196b  SysCtlDelay                    
000017d5  SysCtlPeripheralEnable         
0000179d  SysCtlPeripheralPresent        
0000139f  TIMER0IntHandler               
00001399  TIMER0_CheckTimeout            
0000138d  TIMER0_DisableTimer            
0000136f  TIMER0_SetTimer                
00001341  TIMER0_init                    
00001579  TimerConfigure                 
00001855  TimerDisable                   
000018e1  TimerEnable                    
00001977  TimerIntClear                  
0000195b  TimerIntEnable                 
000018bf  TimerLoadSet                   
00000ba5  UART0_WriteBytes               
00001149  UART5IntHandler                
00001129  UART5_Available                
20000c48  UART5_Buffer                   
20000800  UART5_Data                     
000010a5  UART5_Init                     
00001133  UART5_ReadBytes                
000010f9  UART5_WriteBytes               
0000193d  UARTCharGet                    
000018ef  UARTCharGetNonBlocking         
00001947  UARTCharPut                    
000018fd  UARTCharsAvail                 
00001971  UARTClockSourceSet             
00001715  UARTConfigSetExpClk            
00001835  UARTDisable                    
00001885  UARTEnable                     
0000197b  UARTIntClear                   
00001963  UARTIntEnable                  
00001951  UARTIntStatus                  
0000026d  UARTStdioConfig                
0000039f  UARTgetc                       
000002f9  UARTgets                       
000006bb  UARTprintf                     
000003c1  UARTvprintf                    
000002b3  UARTwrite                      
20000800  __STACK_END                    
00000800  __STACK_SIZE                   
20000200  __STACK_TOP                    
00001b48  __TI_CINIT_Base                
00001b58  __TI_CINIT_Limit               
00001b34  __TI_Handler_Table_Base        
00001b40  __TI_Handler_Table_Limit       
00001439  __TI_auto_init                 
20000c5c  __TI_cleanup_ptr               
00001511  __TI_decompress_lzss           
0000190b  __TI_decompress_none           
20000c60  __TI_dtors_ptr                 
20000c64  __TI_enable_exit_profile_output
ffffffff  __TI_pprof_out_hndl            
ffffffff  __TI_prof_data_size            
ffffffff  __TI_prof_data_start           
00000000  __TI_static_base__             
00001925  __TI_zero_init                 
00000f93  __aeabi_idiv0                  
000013bd  __aeabi_memclr                 
000013bd  __aeabi_memclr4                
000013bd  __aeabi_memclr8                
000012a5  __aeabi_memcpy                 
000012a5  __aeabi_memcpy4                
000012a5  __aeabi_memcpy8                
000013bf  __aeabi_memset                 
000013bf  __aeabi_memset4                
000013bf  __aeabi_memset8                
0000175b  __aeabi_uidiv                  
0000175b  __aeabi_uidivmod               
ffffffff  __binit__                      
ffffffff  __c_args__                     
00001437  __mpu_init                     
20000000  __stack                        
0000186d  _args_main                     
000015d9  _c_int00                       
20000c68  _lock                          
000018a7  _nop                           
0000189f  _register_lock                 
00001899  _register_unlock               
0000179b  _system_post_cinit             
0000197f  _system_pre_init               
20000c6c  _unlock                        
00001631  abort                          
ffffffff  binit                          
00001681  copy_in                        
00001639  exit                           
00000000  g_pfnVectors                   
00000bd3  main                           
20000c78  main_func_sp                   
000012a5  memcpy                         
000013c5  memset                         
20000c58  timeout                        


GLOBAL SYMBOLS: SORTED BY Symbol Address 

address   name                           
-------   ----                           
00000000  __TI_static_base__             
00000000  g_pfnVectors                   
0000026d  UARTStdioConfig                
000002b3  UARTwrite                      
000002f9  UARTgets                       
0000039f  UARTgetc                       
000003c1  UARTvprintf                    
000006bb  UARTprintf                     
00000800  __STACK_SIZE                   
00000843  PTC08_ReadFBuff                
000008ed  PTC08_GetFBuffLen              
00000943  PTC08_FBuffCtrl                
0000097b  PTC08_Reset                    
000009b9  PTC08_ReadData                 
00000b69  InitConsole                    
00000ba5  UART0_WriteBytes               
00000bd3  main                           
00000d05  Buffer_Init                    
00000d2b  Buffer_Write                   
00000d97  Buffer_Read                    
00000e13  Buffer_Available               
00000e27  Buffer_Full                    
00000e45  Buffer_Empty                   
00000e61  GPIOPadConfigSet               
00000f93  __aeabi_idiv0                  
00000f95  SysCtlClockGet                 
000010a5  UART5_Init                     
000010f9  UART5_WriteBytes               
00001129  UART5_Available                
00001133  UART5_ReadBytes                
00001149  UART5IntHandler                
000011b1  SysCtlClockSet                 
000012a5  __aeabi_memcpy                 
000012a5  __aeabi_memcpy4                
000012a5  __aeabi_memcpy8                
000012a5  memcpy                         
00001341  TIMER0_init                    
0000136f  TIMER0_SetTimer                
0000138d  TIMER0_DisableTimer            
00001399  TIMER0_CheckTimeout            
0000139f  TIMER0IntHandler               
000013bd  __aeabi_memclr                 
000013bd  __aeabi_memclr4                
000013bd  __aeabi_memclr8                
000013bf  __aeabi_memset                 
000013bf  __aeabi_memset4                
000013bf  __aeabi_memset8                
000013c5  memset                         
00001437  __mpu_init                     
00001439  __TI_auto_init                 
000014a9  IntEnable                      
00001511  __TI_decompress_lzss           
00001579  TimerConfigure                 
000015d9  _c_int00                       
0000162d  C$$EXIT                        
00001631  abort                          
00001639  exit                           
00001681  copy_in                        
000016cd  GPIOPinConfigure               
00001715  UARTConfigSetExpClk            
0000175b  __aeabi_uidiv                  
0000175b  __aeabi_uidivmod               
0000179b  _system_post_cinit             
0000179d  SysCtlPeripheralPresent        
000017d5  SysCtlPeripheralEnable         
00001809  GPIODirModeSet                 
00001835  UARTDisable                    
00001855  TimerDisable                   
0000186d  _args_main                     
00001885  UARTEnable                     
00001899  _register_unlock               
0000189f  _register_lock                 
000018a7  _nop                           
000018ad  GPIOPinTypeUART                
000018bf  TimerLoadSet                   
000018d1  IntMasterEnable                
000018e1  TimerEnable                    
000018ef  UARTCharGetNonBlocking         
000018fd  UARTCharsAvail                 
0000190b  __TI_decompress_none           
00001919  CPUcpsie                       
00001925  __TI_zero_init                 
00001931  ResetISR                       
0000193d  UARTCharGet                    
00001947  UARTCharPut                    
00001951  UARTIntStatus                  
0000195b  TimerIntEnable                 
00001963  UARTIntEnable                  
0000196b  SysCtlDelay                    
00001971  UARTClockSourceSet             
00001977  TimerIntClear                  
0000197b  UARTIntClear                   
0000197f  _system_pre_init               
00001b34  __TI_Handler_Table_Base        
00001b40  __TI_Handler_Table_Limit       
00001b48  __TI_CINIT_Base                
00001b58  __TI_CINIT_Limit               
20000000  __stack                        
20000200  __STACK_TOP                    
20000800  UART5_Data                     
20000800  __STACK_END                    
20000c48  UART5_Buffer                   
20000c58  timeout                        
20000c5c  __TI_cleanup_ptr               
20000c60  __TI_dtors_ptr                 
20000c64  __TI_enable_exit_profile_output
20000c68  _lock                          
20000c6c  _unlock                        
20000c78  main_func_sp                   
ffffffff  __TI_pprof_out_hndl            
ffffffff  __TI_prof_data_size            
ffffffff  __TI_prof_data_start           
ffffffff  __binit__                      
ffffffff  __c_args__                     
ffffffff  binit                          
UNDEFED   SHT$$INIT_ARRAY$$Base          
UNDEFED   SHT$$INIT_ARRAY$$Limit         

[117 symbols]
