<?xml version="1.0"?>
<link_info>
   <banner>TI ARM Linker PC v16.9.1.LTS</banner>
   <copyright>Copyright (c) 1996-2015 Texas Instruments Incorporated</copyright>
   <link_time>0x59194c8a</link_time>
   <link_errors>0x0</link_errors>
   <output_file>PTC08_Camera.out</output_file>
   <entry_point>
      <name>_c_int00</name>
      <address>0x15d9</address>
   </entry_point>
   <input_file_list>
      <input_file id="fl-2">
         <path>.\</path>
         <kind>object</kind>
         <file>PTC08.obj</file>
         <name>PTC08.obj</name>
      </input_file>
      <input_file id="fl-3">
         <path>.\</path>
         <kind>object</kind>
         <file>buffer.obj</file>
         <name>buffer.obj</name>
      </input_file>
      <input_file id="fl-4">
         <path>.\</path>
         <kind>object</kind>
         <file>main.obj</file>
         <name>main.obj</name>
      </input_file>
      <input_file id="fl-5">
         <path>.\</path>
         <kind>object</kind>
         <file>timer.obj</file>
         <name>timer.obj</name>
      </input_file>
      <input_file id="fl-6">
         <path>.\</path>
         <kind>object</kind>
         <file>tm4c123gh6pm_startup_ccs.obj</file>
         <name>tm4c123gh6pm_startup_ccs.obj</name>
      </input_file>
      <input_file id="fl-7">
         <path>.\</path>
         <kind>object</kind>
         <file>uart.obj</file>
         <name>uart.obj</name>
      </input_file>
      <input_file id="fl-8">
         <path>.\</path>
         <kind>object</kind>
         <file>uartstdio.obj</file>
         <name>uartstdio.obj</name>
      </input_file>
      <input_file id="fl-c3">
         <path>C:\ti\ccsv7\tools\compiler\ti-cgt-arm_16.9.1.LTS\lib\</path>
         <kind>archive</kind>
         <file>rtsv7M4_T_le_v4SPD16_eabi.lib</file>
         <name>boot.obj</name>
      </input_file>
      <input_file id="fl-c4">
         <path>C:\ti\ccsv7\tools\compiler\ti-cgt-arm_16.9.1.LTS\lib\</path>
         <kind>archive</kind>
         <file>rtsv7M4_T_le_v4SPD16_eabi.lib</file>
         <name>copy_decompress_lzss.obj</name>
      </input_file>
      <input_file id="fl-c5">
         <path>C:\ti\ccsv7\tools\compiler\ti-cgt-arm_16.9.1.LTS\lib\</path>
         <kind>archive</kind>
         <file>rtsv7M4_T_le_v4SPD16_eabi.lib</file>
         <name>copy_decompress_none.obj</name>
      </input_file>
      <input_file id="fl-c6">
         <path>C:\ti\ccsv7\tools\compiler\ti-cgt-arm_16.9.1.LTS\lib\</path>
         <kind>archive</kind>
         <file>rtsv7M4_T_le_v4SPD16_eabi.lib</file>
         <name>copy_zero_init.obj</name>
      </input_file>
      <input_file id="fl-c7">
         <path>C:\ti\ccsv7\tools\compiler\ti-cgt-arm_16.9.1.LTS\lib\</path>
         <kind>archive</kind>
         <file>rtsv7M4_T_le_v4SPD16_eabi.lib</file>
         <name>exit.obj</name>
      </input_file>
      <input_file id="fl-c8">
         <path>C:\ti\ccsv7\tools\compiler\ti-cgt-arm_16.9.1.LTS\lib\</path>
         <kind>archive</kind>
         <file>rtsv7M4_T_le_v4SPD16_eabi.lib</file>
         <name>memcpy_t2.obj</name>
      </input_file>
      <input_file id="fl-c9">
         <path>C:\ti\ccsv7\tools\compiler\ti-cgt-arm_16.9.1.LTS\lib\</path>
         <kind>archive</kind>
         <file>rtsv7M4_T_le_v4SPD16_eabi.lib</file>
         <name>memset_t2.obj</name>
      </input_file>
      <input_file id="fl-ca">
         <path>C:\ti\ccsv7\tools\compiler\ti-cgt-arm_16.9.1.LTS\lib\</path>
         <kind>archive</kind>
         <file>rtsv7M4_T_le_v4SPD16_eabi.lib</file>
         <name>mpu_init.obj</name>
      </input_file>
      <input_file id="fl-cb">
         <path>C:\ti\ccsv7\tools\compiler\ti-cgt-arm_16.9.1.LTS\lib\</path>
         <kind>archive</kind>
         <file>rtsv7M4_T_le_v4SPD16_eabi.lib</file>
         <name>pre_init.obj</name>
      </input_file>
      <input_file id="fl-cc">
         <path>C:\ti\ccsv7\tools\compiler\ti-cgt-arm_16.9.1.LTS\lib\</path>
         <kind>archive</kind>
         <file>rtsv7M4_T_le_v4SPD16_eabi.lib</file>
         <name>stkdepth_vars.obj</name>
      </input_file>
      <input_file id="fl-cd">
         <path>C:\ti\ccsv7\tools\compiler\ti-cgt-arm_16.9.1.LTS\lib\</path>
         <kind>archive</kind>
         <file>rtsv7M4_T_le_v4SPD16_eabi.lib</file>
         <name>u_divt2.obj</name>
      </input_file>
      <input_file id="fl-ce">
         <path>C:\ti\ccsv7\tools\compiler\ti-cgt-arm_16.9.1.LTS\lib\</path>
         <kind>archive</kind>
         <file>rtsv7M4_T_le_v4SPD16_eabi.lib</file>
         <name>_lock.obj</name>
      </input_file>
      <input_file id="fl-cf">
         <path>C:\ti\ccsv7\tools\compiler\ti-cgt-arm_16.9.1.LTS\lib\</path>
         <kind>archive</kind>
         <file>rtsv7M4_T_le_v4SPD16_eabi.lib</file>
         <name>args_main.obj</name>
      </input_file>
      <input_file id="fl-d0">
         <path>C:\ti\ccsv7\tools\compiler\ti-cgt-arm_16.9.1.LTS\lib\</path>
         <kind>archive</kind>
         <file>rtsv7M4_T_le_v4SPD16_eabi.lib</file>
         <name>autoinit.obj</name>
      </input_file>
      <input_file id="fl-d1">
         <path>C:\ti\ccsv7\tools\compiler\ti-cgt-arm_16.9.1.LTS\lib\</path>
         <kind>archive</kind>
         <file>rtsv7M4_T_le_v4SPD16_eabi.lib</file>
         <name>cpy_tbl.obj</name>
      </input_file>
      <input_file id="fl-d2">
         <path>C:\ti\ccsv7\tools\compiler\ti-cgt-arm_16.9.1.LTS\lib\</path>
         <kind>archive</kind>
         <file>rtsv7M4_T_le_v4SPD16_eabi.lib</file>
         <name>i_div0.obj</name>
      </input_file>
      <input_file id="fl-d3">
         <path>C:\ti\ccsv7\tools\compiler\ti-cgt-arm_16.9.1.LTS\lib\</path>
         <kind>archive</kind>
         <file>rtsv7M4_T_le_v4SPD16_eabi.lib</file>
         <name>startup.obj</name>
      </input_file>
      <input_file id="fl-d4">
         <path>C:\ti\TivaWare_C_Series-2.1.3.156\driverlib\ccs\Debug\</path>
         <kind>archive</kind>
         <file>driverlib.lib</file>
         <name>gpio.obj</name>
      </input_file>
      <input_file id="fl-d5">
         <path>C:\ti\TivaWare_C_Series-2.1.3.156\driverlib\ccs\Debug\</path>
         <kind>archive</kind>
         <file>driverlib.lib</file>
         <name>interrupt.obj</name>
      </input_file>
      <input_file id="fl-d6">
         <path>C:\ti\TivaWare_C_Series-2.1.3.156\driverlib\ccs\Debug\</path>
         <kind>archive</kind>
         <file>driverlib.lib</file>
         <name>sysctl.obj</name>
      </input_file>
      <input_file id="fl-d7">
         <path>C:\ti\TivaWare_C_Series-2.1.3.156\driverlib\ccs\Debug\</path>
         <kind>archive</kind>
         <file>driverlib.lib</file>
         <name>timer.obj</name>
      </input_file>
      <input_file id="fl-d8">
         <path>C:\ti\TivaWare_C_Series-2.1.3.156\driverlib\ccs\Debug\</path>
         <kind>archive</kind>
         <file>driverlib.lib</file>
         <name>uart.obj</name>
      </input_file>
      <input_file id="fl-d9">
         <path>C:\ti\TivaWare_C_Series-2.1.3.156\driverlib\ccs\Debug\</path>
         <kind>archive</kind>
         <file>driverlib.lib</file>
         <name>cpu.obj</name>
      </input_file>
   </input_file_list>
   <object_component_list>
      <object_component id="oc-f">
         <name>.intvecs</name>
         <load_address>0x0</load_address>
         <run_address>0x0</run_address>
         <size>0x26c</size>
         <input_file_ref idref="fl-6"/>
      </object_component>
      <object_component id="oc-1ad">
         <name>.text</name>
         <load_address>0x26c</load_address>
         <run_address>0x26c</run_address>
         <size>0x484</size>
         <input_file_ref idref="fl-8"/>
      </object_component>
      <object_component id="oc-1b9">
         <name>.text</name>
         <load_address>0x6f0</load_address>
         <run_address>0x6f0</run_address>
         <size>0x478</size>
         <input_file_ref idref="fl-2"/>
      </object_component>
      <object_component id="oc-139">
         <name>.text</name>
         <load_address>0xb68</load_address>
         <run_address>0xb68</run_address>
         <size>0x19c</size>
         <input_file_ref idref="fl-4"/>
      </object_component>
      <object_component id="oc-dc">
         <name>.text</name>
         <load_address>0xd04</load_address>
         <run_address>0xd04</run_address>
         <size>0x15c</size>
         <input_file_ref idref="fl-3"/>
      </object_component>
      <object_component id="oc-167">
         <name>.text:GPIOPadConfigSet</name>
         <load_address>0xe60</load_address>
         <run_address>0xe60</run_address>
         <size>0x132</size>
         <input_file_ref idref="fl-d4"/>
      </object_component>
      <object_component id="oc-238">
         <name>.text</name>
         <load_address>0xf92</load_address>
         <run_address>0xf92</run_address>
         <size>0x2</size>
         <input_file_ref idref="fl-d2"/>
      </object_component>
      <object_component id="oc-d0">
         <name>.text:SysCtlClockGet</name>
         <load_address>0xf94</load_address>
         <run_address>0xf94</run_address>
         <size>0x110</size>
         <input_file_ref idref="fl-d6"/>
      </object_component>
      <object_component id="oc-37">
         <name>.text</name>
         <load_address>0x10a4</load_address>
         <run_address>0x10a4</run_address>
         <size>0x10c</size>
         <input_file_ref idref="fl-7"/>
      </object_component>
      <object_component id="oc-1b3">
         <name>.text:SysCtlClockSet</name>
         <load_address>0x11b0</load_address>
         <run_address>0x11b0</run_address>
         <size>0xf4</size>
         <input_file_ref idref="fl-d6"/>
      </object_component>
      <object_component id="oc-4b">
         <name>.text</name>
         <load_address>0x12a4</load_address>
         <run_address>0x12a4</run_address>
         <size>0x9c</size>
         <input_file_ref idref="fl-c8"/>
      </object_component>
      <object_component id="oc-31">
         <name>.text</name>
         <load_address>0x1340</load_address>
         <run_address>0x1340</run_address>
         <size>0x7c</size>
         <input_file_ref idref="fl-5"/>
      </object_component>
      <object_component id="oc-57">
         <name>.text</name>
         <load_address>0x13bc</load_address>
         <run_address>0x13bc</run_address>
         <size>0x7a</size>
         <input_file_ref idref="fl-c9"/>
      </object_component>
      <object_component id="oc-63">
         <name>.text</name>
         <load_address>0x1436</load_address>
         <run_address>0x1436</run_address>
         <size>0x2</size>
         <input_file_ref idref="fl-ca"/>
      </object_component>
      <object_component id="oc-6f">
         <name>.text</name>
         <load_address>0x1438</load_address>
         <run_address>0x1438</run_address>
         <size>0x70</size>
         <input_file_ref idref="fl-d0"/>
      </object_component>
      <object_component id="oc-9e">
         <name>.text:IntEnable</name>
         <load_address>0x14a8</load_address>
         <run_address>0x14a8</run_address>
         <size>0x68</size>
         <input_file_ref idref="fl-d5"/>
      </object_component>
      <object_component id="oc-12">
         <name>.text:decompress:lzss</name>
         <load_address>0x1510</load_address>
         <run_address>0x1510</run_address>
         <size>0x68</size>
         <input_file_ref idref="fl-c4"/>
      </object_component>
      <object_component id="oc-8c">
         <name>.text:TimerConfigure</name>
         <load_address>0x1578</load_address>
         <run_address>0x1578</run_address>
         <size>0x60</size>
         <input_file_ref idref="fl-d7"/>
      </object_component>
      <object_component id="oc-24">
         <name>.text</name>
         <load_address>0x15d8</load_address>
         <run_address>0x15d8</run_address>
         <size>0x54</size>
         <input_file_ref idref="fl-c3"/>
      </object_component>
      <object_component id="oc-7b">
         <name>.text</name>
         <load_address>0x162c</load_address>
         <run_address>0x162c</run_address>
         <size>0x54</size>
         <input_file_ref idref="fl-c7"/>
      </object_component>
      <object_component id="oc-12b">
         <name>.text</name>
         <load_address>0x1680</load_address>
         <run_address>0x1680</run_address>
         <size>0x4c</size>
         <input_file_ref idref="fl-d1"/>
      </object_component>
      <object_component id="oc-c4">
         <name>.text:GPIOPinConfigure</name>
         <load_address>0x16cc</load_address>
         <run_address>0x16cc</run_address>
         <size>0x48</size>
         <input_file_ref idref="fl-d4"/>
      </object_component>
      <object_component id="oc-d6">
         <name>.text:UARTConfigSetExpClk</name>
         <load_address>0x1714</load_address>
         <run_address>0x1714</run_address>
         <size>0x46</size>
         <input_file_ref idref="fl-d8"/>
      </object_component>
      <object_component id="oc-216">
         <name>.text</name>
         <load_address>0x175a</load_address>
         <run_address>0x175a</run_address>
         <size>0x40</size>
         <input_file_ref idref="fl-cd"/>
      </object_component>
      <object_component id="oc-131">
         <name>.text</name>
         <load_address>0x179a</load_address>
         <run_address>0x179a</run_address>
         <size>0x2</size>
         <input_file_ref idref="fl-d3"/>
      </object_component>
      <object_component id="oc-201">
         <name>.text:SysCtlPeripheralPresent</name>
         <load_address>0x179c</load_address>
         <run_address>0x179c</run_address>
         <size>0x38</size>
         <input_file_ref idref="fl-d6"/>
      </object_component>
      <object_component id="oc-86">
         <name>.text:SysCtlPeripheralEnable</name>
         <load_address>0x17d4</load_address>
         <run_address>0x17d4</run_address>
         <size>0x34</size>
         <input_file_ref idref="fl-d6"/>
      </object_component>
      <object_component id="oc-161">
         <name>.text:GPIODirModeSet</name>
         <load_address>0x1808</load_address>
         <run_address>0x1808</run_address>
         <size>0x2a</size>
         <input_file_ref idref="fl-d4"/>
      </object_component>
      <object_component id="oc-172">
         <name>.text:UARTDisable</name>
         <load_address>0x1834</load_address>
         <run_address>0x1834</run_address>
         <size>0x20</size>
         <input_file_ref idref="fl-d8"/>
      </object_component>
      <object_component id="oc-92">
         <name>.text:TimerDisable</name>
         <load_address>0x1854</load_address>
         <run_address>0x1854</run_address>
         <size>0x18</size>
         <input_file_ref idref="fl-d7"/>
      </object_component>
      <object_component id="oc-75">
         <name>.text</name>
         <load_address>0x186c</load_address>
         <run_address>0x186c</run_address>
         <size>0x18</size>
         <input_file_ref idref="fl-cf"/>
      </object_component>
      <object_component id="oc-178">
         <name>.text:UARTEnable</name>
         <load_address>0x1884</load_address>
         <run_address>0x1884</run_address>
         <size>0x14</size>
         <input_file_ref idref="fl-d8"/>
      </object_component>
      <object_component id="oc-1cb">
         <name>.text</name>
         <load_address>0x1898</load_address>
         <run_address>0x1898</run_address>
         <size>0x14</size>
         <input_file_ref idref="fl-ce"/>
      </object_component>
      <object_component id="oc-ca">
         <name>.text:GPIOPinTypeUART</name>
         <load_address>0x18ac</load_address>
         <run_address>0x18ac</run_address>
         <size>0x12</size>
         <input_file_ref idref="fl-d4"/>
      </object_component>
      <object_component id="oc-a4">
         <name>.text:TimerLoadSet</name>
         <load_address>0x18be</load_address>
         <run_address>0x18be</run_address>
         <size>0x12</size>
         <input_file_ref idref="fl-d7"/>
      </object_component>
      <object_component id="oc-e2">
         <name>.text:IntMasterEnable</name>
         <load_address>0x18d0</load_address>
         <run_address>0x18d0</run_address>
         <size>0x10</size>
         <input_file_ref idref="fl-d5"/>
      </object_component>
      <object_component id="oc-aa">
         <name>.text:TimerEnable</name>
         <load_address>0x18e0</load_address>
         <run_address>0x18e0</run_address>
         <size>0xe</size>
         <input_file_ref idref="fl-d7"/>
      </object_component>
      <object_component id="oc-100">
         <name>.text:UARTCharGetNonBlocking</name>
         <load_address>0x18ee</load_address>
         <run_address>0x18ee</run_address>
         <size>0xe</size>
         <input_file_ref idref="fl-d8"/>
      </object_component>
      <object_component id="oc-106">
         <name>.text:UARTCharsAvail</name>
         <load_address>0x18fc</load_address>
         <run_address>0x18fc</run_address>
         <size>0xe</size>
         <input_file_ref idref="fl-d8"/>
      </object_component>
      <object_component id="oc-18">
         <name>.text:decompress:none</name>
         <load_address>0x190a</load_address>
         <run_address>0x190a</run_address>
         <size>0xe</size>
         <input_file_ref idref="fl-c5"/>
      </object_component>
      <object_component id="oc-182">
         <name>.text:CPUcpsie</name>
         <load_address>0x1918</load_address>
         <run_address>0x1918</run_address>
         <size>0xc</size>
         <input_file_ref idref="fl-d9"/>
      </object_component>
      <object_component id="oc-1e">
         <name>.text:decompress:ZI</name>
         <load_address>0x1924</load_address>
         <run_address>0x1924</run_address>
         <size>0xc</size>
         <input_file_ref idref="fl-c6"/>
      </object_component>
      <object_component id="oc-2b">
         <name>.text</name>
         <load_address>0x1930</load_address>
         <run_address>0x1930</run_address>
         <size>0xc</size>
         <input_file_ref idref="fl-6"/>
      </object_component>
      <object_component id="oc-207">
         <name>.text:UARTCharGet</name>
         <load_address>0x193c</load_address>
         <run_address>0x193c</run_address>
         <size>0xa</size>
         <input_file_ref idref="fl-d8"/>
      </object_component>
      <object_component id="oc-ee">
         <name>.text:UARTCharPut</name>
         <load_address>0x1946</load_address>
         <run_address>0x1946</run_address>
         <size>0xa</size>
         <input_file_ref idref="fl-d8"/>
      </object_component>
      <object_component id="oc-f4">
         <name>.text:UARTIntStatus</name>
         <load_address>0x1950</load_address>
         <run_address>0x1950</run_address>
         <size>0xa</size>
         <input_file_ref idref="fl-d8"/>
      </object_component>
      <object_component id="oc-98">
         <name>.text:TimerIntEnable</name>
         <load_address>0x195a</load_address>
         <run_address>0x195a</run_address>
         <size>0x8</size>
         <input_file_ref idref="fl-d7"/>
      </object_component>
      <object_component id="oc-e8">
         <name>.text:UARTIntEnable</name>
         <load_address>0x1962</load_address>
         <run_address>0x1962</run_address>
         <size>0x8</size>
         <input_file_ref idref="fl-d8"/>
      </object_component>
      <object_component id="oc-1bf">
         <name>.text:SysCtlDelay</name>
         <load_address>0x196a</load_address>
         <run_address>0x196a</run_address>
         <size>0x6</size>
         <input_file_ref idref="fl-d6"/>
      </object_component>
      <object_component id="oc-1a7">
         <name>.text:UARTClockSourceSet</name>
         <load_address>0x1970</load_address>
         <run_address>0x1970</run_address>
         <size>0x6</size>
         <input_file_ref idref="fl-d8"/>
      </object_component>
      <object_component id="oc-b0">
         <name>.text:TimerIntClear</name>
         <load_address>0x1976</load_address>
         <run_address>0x1976</run_address>
         <size>0x4</size>
         <input_file_ref idref="fl-d7"/>
      </object_component>
      <object_component id="oc-fa">
         <name>.text:UARTIntClear</name>
         <load_address>0x197a</load_address>
         <run_address>0x197a</run_address>
         <size>0x4</size>
         <input_file_ref idref="fl-d8"/>
      </object_component>
      <object_component id="oc-69">
         <name>.text</name>
         <load_address>0x197e</load_address>
         <run_address>0x197e</run_address>
         <size>0x4</size>
         <input_file_ref idref="fl-cb"/>
      </object_component>
      <object_component id="oc-15c">
         <name>.const:g_pui32GPIOBaseAddrs</name>
         <load_address>0x1984</load_address>
         <run_address>0x1984</run_address>
         <size>0x90</size>
         <input_file_ref idref="fl-d4"/>
      </object_component>
      <object_component id="oc-152">
         <name>.const</name>
         <load_address>0x1a14</load_address>
         <run_address>0x1a14</run_address>
         <size>0x70</size>
         <input_file_ref idref="fl-d5"/>
      </object_component>
      <object_component id="oc-16e">
         <name>.const:g_pui32Xtals</name>
         <load_address>0x1a84</load_address>
         <run_address>0x1a84</run_address>
         <size>0x6c</size>
         <input_file_ref idref="fl-d6"/>
      </object_component>
      <object_component id="oc-23f">
         <name>.const:.string</name>
         <load_address>0x1af0</load_address>
         <run_address>0x1af0</run_address>
         <size>0x12</size>
         <input_file_ref idref="fl-8"/>
      </object_component>
      <object_component id="oc-213">
         <name>.const:g_ui32UARTBase</name>
         <load_address>0x1b04</load_address>
         <run_address>0x1b04</run_address>
         <size>0xc</size>
         <input_file_ref idref="fl-8"/>
      </object_component>
      <object_component id="oc-20d">
         <name>.const:g_ui32UARTPeriph</name>
         <load_address>0x1b10</load_address>
         <run_address>0x1b10</run_address>
         <size>0xc</size>
         <input_file_ref idref="fl-8"/>
      </object_component>
      <object_component id="oc-21b">
         <name>.const</name>
         <load_address>0x1b1c</load_address>
         <run_address>0x1b1c</run_address>
         <size>0x4</size>
         <input_file_ref idref="fl-8"/>
      </object_component>
      <object_component id="oc-266">
         <name>.cinit..data.load</name>
         <load_address>0x1b20</load_address>
         <run_address>0x1b20</run_address>
         <size>0x11</size>
      </object_component>
      <object_component id="oc-264">
         <name>__TI_handler_table</name>
         <load_address>0x1b34</load_address>
         <run_address>0x1b34</run_address>
         <size>0xc</size>
      </object_component>
      <object_component id="oc-267">
         <name>.cinit..bss.load</name>
         <load_address>0x1b40</load_address>
         <run_address>0x1b40</run_address>
         <size>0x8</size>
      </object_component>
      <object_component id="oc-265">
         <name>__TI_cinit_table</name>
         <load_address>0x1b48</load_address>
         <run_address>0x1b48</run_address>
         <size>0x10</size>
      </object_component>
      <object_component id="oc-210">
         <name>.data</name>
         <load_address>0x20000c70</load_address>
         <run_address>0x20000c70</run_address>
         <size>0x5</size>
         <input_file_ref idref="fl-8"/>
      </object_component>
      <object_component id="oc-141">
         <name>.data:$O1$$</name>
         <load_address>0x20000c5c</load_address>
         <run_address>0x20000c5c</run_address>
         <size>0xc</size>
         <input_file_ref idref="fl-c7"/>
      </object_component>
      <object_component id="oc-81">
         <name>.data</name>
         <load_address>0x20000c78</load_address>
         <run_address>0x20000c78</run_address>
         <size>0x4</size>
         <input_file_ref idref="fl-cc"/>
      </object_component>
      <object_component id="oc-144">
         <name>.data:$O1$$</name>
         <load_address>0x20000c68</load_address>
         <run_address>0x20000c68</run_address>
         <size>0x8</size>
         <input_file_ref idref="fl-ce"/>
      </object_component>
      <object_component id="oc-226">
         <name>.bss:Response$1</name>
         <uninitialized>true</uninitialized>
         <run_address>0x20000c34</run_address>
         <size>0x14</size>
         <input_file_ref idref="fl-2"/>
      </object_component>
      <object_component id="oc-227">
         <name>.bss:info$2</name>
         <uninitialized>true</uninitialized>
         <run_address>0x20000c00</run_address>
         <size>0x34</size>
         <input_file_ref idref="fl-2"/>
      </object_component>
      <object_component id="oc-b6">
         <name>.common:timeout</name>
         <uninitialized>true</uninitialized>
         <run_address>0x20000c58</run_address>
         <size>0x1</size>
      </object_component>
      <object_component id="oc-10c">
         <name>.common:UART5_Buffer</name>
         <uninitialized>true</uninitialized>
         <run_address>0x20000c48</run_address>
         <size>0x10</size>
      </object_component>
      <object_component id="oc-10f">
         <name>.common:UART5_Data</name>
         <uninitialized>true</uninitialized>
         <run_address>0x20000800</run_address>
         <size>0x400</size>
      </object_component>
      <object_component id="oc-2a">
         <name>.stack</name>
         <uninitialized>true</uninitialized>
         <run_address>0x20000000</run_address>
         <size>0x0</size>
         <input_file_ref idref="fl-c3"/>
      </object_component>
      <object_component id="oc-268">
         <name>.stack</name>
         <uninitialized>true</uninitialized>
         <run_address>0x20000000</run_address>
         <size>0x0</size>
      </object_component>
      <object_component id="oc-1f3">
         <name>.debug_info</name>
         <load_address>0x0</load_address>
         <run_address>0x0</run_address>
         <size>0x244</size>
         <input_file_ref idref="fl-2"/>
      </object_component>
      <object_component id="oc-1ba">
         <name>.debug_info</name>
         <load_address>0x244</load_address>
         <run_address>0x244</run_address>
         <size>0xd6e</size>
         <input_file_ref idref="fl-2"/>
      </object_component>
      <object_component id="oc-191">
         <name>.debug_info</name>
         <load_address>0xfb2</load_address>
         <run_address>0xfb2</run_address>
         <size>0x86</size>
         <input_file_ref idref="fl-2"/>
      </object_component>
      <object_component id="oc-bf">
         <name>.debug_info</name>
         <load_address>0x1038</load_address>
         <run_address>0x1038</run_address>
         <size>0x8b</size>
         <input_file_ref idref="fl-2"/>
      </object_component>
      <object_component id="oc-ba">
         <name>.debug_info</name>
         <load_address>0x10c3</load_address>
         <run_address>0x10c3</run_address>
         <size>0x18b</size>
         <input_file_ref idref="fl-2"/>
      </object_component>
      <object_component id="oc-122">
         <name>.debug_info</name>
         <load_address>0x124e</load_address>
         <run_address>0x124e</run_address>
         <size>0x2c</size>
         <input_file_ref idref="fl-2"/>
      </object_component>
      <object_component id="oc-220">
         <name>.debug_info</name>
         <load_address>0x127a</load_address>
         <run_address>0x127a</run_address>
         <size>0x4e</size>
         <input_file_ref idref="fl-2"/>
      </object_component>
      <object_component id="oc-181">
         <name>.debug_info</name>
         <load_address>0x12c8</load_address>
         <run_address>0x12c8</run_address>
         <size>0xc2</size>
         <input_file_ref idref="fl-3"/>
      </object_component>
      <object_component id="oc-dd">
         <name>.debug_info</name>
         <load_address>0x138a</load_address>
         <run_address>0x138a</run_address>
         <size>0x4da</size>
         <input_file_ref idref="fl-3"/>
      </object_component>
      <object_component id="oc-1c1">
         <name>.debug_info</name>
         <load_address>0x1864</load_address>
         <run_address>0x1864</run_address>
         <size>0x462</size>
         <input_file_ref idref="fl-4"/>
      </object_component>
      <object_component id="oc-13a">
         <name>.debug_info</name>
         <load_address>0x1cc6</load_address>
         <run_address>0x1cc6</run_address>
         <size>0x4ab</size>
         <input_file_ref idref="fl-4"/>
      </object_component>
      <object_component id="oc-b7">
         <name>.debug_info</name>
         <load_address>0x2171</load_address>
         <run_address>0x2171</run_address>
         <size>0x25b</size>
         <input_file_ref idref="fl-5"/>
      </object_component>
      <object_component id="oc-32">
         <name>.debug_info</name>
         <load_address>0x23cc</load_address>
         <run_address>0x23cc</run_address>
         <size>0x33c</size>
         <input_file_ref idref="fl-5"/>
      </object_component>
      <object_component id="oc-3f">
         <name>.debug_info</name>
         <load_address>0x2708</load_address>
         <run_address>0x2708</run_address>
         <size>0x149</size>
         <input_file_ref idref="fl-6"/>
      </object_component>
      <object_component id="oc-10">
         <name>.debug_info</name>
         <load_address>0x2851</load_address>
         <run_address>0x2851</run_address>
         <size>0xe6</size>
         <input_file_ref idref="fl-6"/>
      </object_component>
      <object_component id="oc-2c">
         <name>.debug_info</name>
         <load_address>0x2937</load_address>
         <run_address>0x2937</run_address>
         <size>0x262</size>
         <input_file_ref idref="fl-6"/>
      </object_component>
      <object_component id="oc-46">
         <name>.debug_info</name>
         <load_address>0x2b99</load_address>
         <run_address>0x2b99</run_address>
         <size>0x84</size>
         <input_file_ref idref="fl-6"/>
      </object_component>
      <object_component id="oc-10d">
         <name>.debug_info</name>
         <load_address>0x2c1d</load_address>
         <run_address>0x2c1d</run_address>
         <size>0x498</size>
         <input_file_ref idref="fl-7"/>
      </object_component>
      <object_component id="oc-38">
         <name>.debug_info</name>
         <load_address>0x30b5</load_address>
         <run_address>0x30b5</run_address>
         <size>0x50e</size>
         <input_file_ref idref="fl-7"/>
      </object_component>
      <object_component id="oc-21f">
         <name>.debug_info</name>
         <load_address>0x35c3</load_address>
         <run_address>0x35c3</run_address>
         <size>0x235</size>
         <input_file_ref idref="fl-8"/>
      </object_component>
      <object_component id="oc-211">
         <name>.debug_info</name>
         <load_address>0x37f8</load_address>
         <run_address>0x37f8</run_address>
         <size>0xd2</size>
         <input_file_ref idref="fl-8"/>
      </object_component>
      <object_component id="oc-21c">
         <name>.debug_info</name>
         <load_address>0x38ca</load_address>
         <run_address>0x38ca</run_address>
         <size>0xcc</size>
         <input_file_ref idref="fl-8"/>
      </object_component>
      <object_component id="oc-214">
         <name>.debug_info</name>
         <load_address>0x3996</load_address>
         <run_address>0x3996</run_address>
         <size>0xda</size>
         <input_file_ref idref="fl-8"/>
      </object_component>
      <object_component id="oc-20e">
         <name>.debug_info</name>
         <load_address>0x3a70</load_address>
         <run_address>0x3a70</run_address>
         <size>0xde</size>
         <input_file_ref idref="fl-8"/>
      </object_component>
      <object_component id="oc-1ae">
         <name>.debug_info</name>
         <load_address>0x3b4e</load_address>
         <run_address>0x3b4e</run_address>
         <size>0x759</size>
         <input_file_ref idref="fl-8"/>
      </object_component>
      <object_component id="oc-25">
         <name>.debug_info</name>
         <load_address>0x42a7</load_address>
         <run_address>0x42a7</run_address>
         <size>0x160</size>
         <input_file_ref idref="fl-c3"/>
      </object_component>
      <object_component id="oc-118">
         <name>.debug_info</name>
         <load_address>0x4407</load_address>
         <run_address>0x4407</run_address>
         <size>0xf9</size>
         <input_file_ref idref="fl-c4"/>
      </object_component>
      <object_component id="oc-16">
         <name>.debug_info</name>
         <load_address>0x4500</load_address>
         <run_address>0x4500</run_address>
         <size>0x245</size>
         <input_file_ref idref="fl-c4"/>
      </object_component>
      <object_component id="oc-41">
         <name>.debug_info</name>
         <load_address>0x4745</load_address>
         <run_address>0x4745</run_address>
         <size>0x60</size>
         <input_file_ref idref="fl-c4"/>
      </object_component>
      <object_component id="oc-113">
         <name>.debug_info</name>
         <load_address>0x47a5</load_address>
         <run_address>0x47a5</run_address>
         <size>0x46</size>
         <input_file_ref idref="fl-c4"/>
      </object_component>
      <object_component id="oc-56">
         <name>.debug_info</name>
         <load_address>0x47eb</load_address>
         <run_address>0x47eb</run_address>
         <size>0x140</size>
         <input_file_ref idref="fl-c5"/>
      </object_component>
      <object_component id="oc-1a">
         <name>.debug_info</name>
         <load_address>0x492b</load_address>
         <run_address>0x492b</run_address>
         <size>0x1df</size>
         <input_file_ref idref="fl-c5"/>
      </object_component>
      <object_component id="oc-51">
         <name>.debug_info</name>
         <load_address>0x4b0a</load_address>
         <run_address>0x4b0a</run_address>
         <size>0x46</size>
         <input_file_ref idref="fl-c5"/>
      </object_component>
      <object_component id="oc-11a">
         <name>.debug_info</name>
         <load_address>0x4b50</load_address>
         <run_address>0x4b50</run_address>
         <size>0x2c</size>
         <input_file_ref idref="fl-c5"/>
      </object_component>
      <object_component id="oc-62">
         <name>.debug_info</name>
         <load_address>0x4b7c</load_address>
         <run_address>0x4b7c</run_address>
         <size>0x12f</size>
         <input_file_ref idref="fl-c6"/>
      </object_component>
      <object_component id="oc-20">
         <name>.debug_info</name>
         <load_address>0x4cab</load_address>
         <run_address>0x4cab</run_address>
         <size>0x1aa</size>
         <input_file_ref idref="fl-c6"/>
      </object_component>
      <object_component id="oc-5d">
         <name>.debug_info</name>
         <load_address>0x4e55</load_address>
         <run_address>0x4e55</run_address>
         <size>0x46</size>
         <input_file_ref idref="fl-c6"/>
      </object_component>
      <object_component id="oc-148">
         <name>.debug_info</name>
         <load_address>0x4e9b</load_address>
         <run_address>0x4e9b</run_address>
         <size>0x234</size>
         <input_file_ref idref="fl-c7"/>
      </object_component>
      <object_component id="oc-142">
         <name>.debug_info</name>
         <load_address>0x50cf</load_address>
         <run_address>0x50cf</run_address>
         <size>0x185</size>
         <input_file_ref idref="fl-c7"/>
      </object_component>
      <object_component id="oc-7c">
         <name>.debug_info</name>
         <load_address>0x5254</load_address>
         <run_address>0x5254</run_address>
         <size>0x214</size>
         <input_file_ref idref="fl-c7"/>
      </object_component>
      <object_component id="oc-4c">
         <name>.debug_info</name>
         <load_address>0x5468</load_address>
         <run_address>0x5468</run_address>
         <size>0x111</size>
         <input_file_ref idref="fl-c8"/>
      </object_component>
      <object_component id="oc-58">
         <name>.debug_info</name>
         <load_address>0x5579</load_address>
         <run_address>0x5579</run_address>
         <size>0x13f</size>
         <input_file_ref idref="fl-c9"/>
      </object_component>
      <object_component id="oc-64">
         <name>.debug_info</name>
         <load_address>0x56b8</load_address>
         <run_address>0x56b8</run_address>
         <size>0x138</size>
         <input_file_ref idref="fl-ca"/>
      </object_component>
      <object_component id="oc-6a">
         <name>.debug_info</name>
         <load_address>0x57f0</load_address>
         <run_address>0x57f0</run_address>
         <size>0x148</size>
         <input_file_ref idref="fl-cb"/>
      </object_component>
      <object_component id="oc-82">
         <name>.debug_info</name>
         <load_address>0x5938</load_address>
         <run_address>0x5938</run_address>
         <size>0x109</size>
         <input_file_ref idref="fl-cc"/>
      </object_component>
      <object_component id="oc-218">
         <name>.debug_info</name>
         <load_address>0x5a41</load_address>
         <run_address>0x5a41</run_address>
         <size>0x13a</size>
         <input_file_ref idref="fl-cd"/>
      </object_component>
      <object_component id="oc-1d3">
         <name>.debug_info</name>
         <load_address>0x5b7b</load_address>
         <run_address>0x5b7b</run_address>
         <size>0x124</size>
         <input_file_ref idref="fl-ce"/>
      </object_component>
      <object_component id="oc-145">
         <name>.debug_info</name>
         <load_address>0x5c9f</load_address>
         <run_address>0x5c9f</run_address>
         <size>0x113</size>
         <input_file_ref idref="fl-ce"/>
      </object_component>
      <object_component id="oc-1cc">
         <name>.debug_info</name>
         <load_address>0x5db2</load_address>
         <run_address>0x5db2</run_address>
         <size>0x21f</size>
         <input_file_ref idref="fl-ce"/>
      </object_component>
      <object_component id="oc-140">
         <name>.debug_info</name>
         <load_address>0x5fd1</load_address>
         <run_address>0x5fd1</run_address>
         <size>0x166</size>
         <input_file_ref idref="fl-cf"/>
      </object_component>
      <object_component id="oc-76">
         <name>.debug_info</name>
         <load_address>0x6137</load_address>
         <run_address>0x6137</run_address>
         <size>0x167</size>
         <input_file_ref idref="fl-cf"/>
      </object_component>
      <object_component id="oc-1c4">
         <name>.debug_info</name>
         <load_address>0x629e</load_address>
         <run_address>0x629e</run_address>
         <size>0x5e</size>
         <input_file_ref idref="fl-cf"/>
      </object_component>
      <object_component id="oc-138">
         <name>.debug_info</name>
         <load_address>0x62fc</load_address>
         <run_address>0x62fc</run_address>
         <size>0x2e9</size>
         <input_file_ref idref="fl-d0"/>
      </object_component>
      <object_component id="oc-70">
         <name>.debug_info</name>
         <load_address>0x65e5</load_address>
         <run_address>0x65e5</run_address>
         <size>0x190</size>
         <input_file_ref idref="fl-d0"/>
      </object_component>
      <object_component id="oc-19d">
         <name>.debug_info</name>
         <load_address>0x6775</load_address>
         <run_address>0x6775</run_address>
         <size>0x39</size>
         <input_file_ref idref="fl-d0"/>
      </object_component>
      <object_component id="oc-1fb">
         <name>.debug_info</name>
         <load_address>0x67ae</load_address>
         <run_address>0x67ae</run_address>
         <size>0x39</size>
         <input_file_ref idref="fl-d0"/>
      </object_component>
      <object_component id="oc-1a2">
         <name>.debug_info</name>
         <load_address>0x67e7</load_address>
         <run_address>0x67e7</run_address>
         <size>0xcd</size>
         <input_file_ref idref="fl-d0"/>
      </object_component>
      <object_component id="oc-199">
         <name>.debug_info</name>
         <load_address>0x68b4</load_address>
         <run_address>0x68b4</run_address>
         <size>0x1e0</size>
         <input_file_ref idref="fl-d1"/>
      </object_component>
      <object_component id="oc-12c">
         <name>.debug_info</name>
         <load_address>0x6a94</load_address>
         <run_address>0x6a94</run_address>
         <size>0x183</size>
         <input_file_ref idref="fl-d1"/>
      </object_component>
      <object_component id="oc-1f6">
         <name>.debug_info</name>
         <load_address>0x6c17</load_address>
         <run_address>0x6c17</run_address>
         <size>0x2c</size>
         <input_file_ref idref="fl-d1"/>
      </object_component>
      <object_component id="oc-23b">
         <name>.debug_info</name>
         <load_address>0x6c43</load_address>
         <run_address>0x6c43</run_address>
         <size>0x147</size>
         <input_file_ref idref="fl-d2"/>
      </object_component>
      <object_component id="oc-133">
         <name>.debug_info</name>
         <load_address>0x6d8a</load_address>
         <run_address>0x6d8a</run_address>
         <size>0x145</size>
         <input_file_ref idref="fl-d3"/>
      </object_component>
      <object_component id="oc-160">
         <name>.debug_info</name>
         <load_address>0x6ecf</load_address>
         <run_address>0x6ecf</run_address>
         <size>0x230</size>
         <input_file_ref idref="fl-d4"/>
      </object_component>
      <object_component id="oc-15d">
         <name>.debug_info</name>
         <load_address>0x70ff</load_address>
         <run_address>0x70ff</run_address>
         <size>0x15b</size>
         <input_file_ref idref="fl-d4"/>
      </object_component>
      <object_component id="oc-162">
         <name>.debug_info</name>
         <load_address>0x725a</load_address>
         <run_address>0x725a</run_address>
         <size>0x2b3</size>
         <input_file_ref idref="fl-d4"/>
      </object_component>
      <object_component id="oc-168">
         <name>.debug_info</name>
         <load_address>0x750d</load_address>
         <run_address>0x750d</run_address>
         <size>0x316</size>
         <input_file_ref idref="fl-d4"/>
      </object_component>
      <object_component id="oc-cb">
         <name>.debug_info</name>
         <load_address>0x7823</load_address>
         <run_address>0x7823</run_address>
         <size>0x27b</size>
         <input_file_ref idref="fl-d4"/>
      </object_component>
      <object_component id="oc-c5">
         <name>.debug_info</name>
         <load_address>0x7a9e</load_address>
         <run_address>0x7a9e</run_address>
         <size>0x280</size>
         <input_file_ref idref="fl-d4"/>
      </object_component>
      <object_component id="oc-156">
         <name>.debug_info</name>
         <load_address>0x7d1e</load_address>
         <run_address>0x7d1e</run_address>
         <size>0x20e</size>
         <input_file_ref idref="fl-d5"/>
      </object_component>
      <object_component id="oc-153">
         <name>.debug_info</name>
         <load_address>0x7f2c</load_address>
         <run_address>0x7f2c</run_address>
         <size>0x210</size>
         <input_file_ref idref="fl-d5"/>
      </object_component>
      <object_component id="oc-e3">
         <name>.debug_info</name>
         <load_address>0x813c</load_address>
         <run_address>0x813c</run_address>
         <size>0x23e</size>
         <input_file_ref idref="fl-d5"/>
      </object_component>
      <object_component id="oc-9f">
         <name>.debug_info</name>
         <load_address>0x837a</load_address>
         <run_address>0x837a</run_address>
         <size>0x268</size>
         <input_file_ref idref="fl-d5"/>
      </object_component>
      <object_component id="oc-14d">
         <name>.debug_info</name>
         <load_address>0x85e2</load_address>
         <run_address>0x85e2</run_address>
         <size>0x298</size>
         <input_file_ref idref="fl-d6"/>
      </object_component>
      <object_component id="oc-16f">
         <name>.debug_info</name>
         <load_address>0x887a</load_address>
         <run_address>0x887a</run_address>
         <size>0x14d</size>
         <input_file_ref idref="fl-d6"/>
      </object_component>
      <object_component id="oc-202">
         <name>.debug_info</name>
         <load_address>0x89c7</load_address>
         <run_address>0x89c7</run_address>
         <size>0x283</size>
         <input_file_ref idref="fl-d6"/>
      </object_component>
      <object_component id="oc-87">
         <name>.debug_info</name>
         <load_address>0x8c4a</load_address>
         <run_address>0x8c4a</run_address>
         <size>0x27d</size>
         <input_file_ref idref="fl-d6"/>
      </object_component>
      <object_component id="oc-1b4">
         <name>.debug_info</name>
         <load_address>0x8ec7</load_address>
         <run_address>0x8ec7</run_address>
         <size>0x2db</size>
         <input_file_ref idref="fl-d6"/>
      </object_component>
      <object_component id="oc-d1">
         <name>.debug_info</name>
         <load_address>0x91a2</load_address>
         <run_address>0x91a2</run_address>
         <size>0x2b5</size>
         <input_file_ref idref="fl-d6"/>
      </object_component>
      <object_component id="oc-1d9">
         <name>.debug_info</name>
         <load_address>0x9457</load_address>
         <run_address>0x9457</run_address>
         <size>0x5f</size>
         <input_file_ref idref="fl-d6"/>
      </object_component>
      <object_component id="oc-14f">
         <name>.debug_info</name>
         <load_address>0x94b6</load_address>
         <run_address>0x94b6</run_address>
         <size>0x223</size>
         <input_file_ref idref="fl-d7"/>
      </object_component>
      <object_component id="oc-a5">
         <name>.debug_info</name>
         <load_address>0x96d9</load_address>
         <run_address>0x96d9</run_address>
         <size>0x2ba</size>
         <input_file_ref idref="fl-d7"/>
      </object_component>
      <object_component id="oc-99">
         <name>.debug_info</name>
         <load_address>0x9993</load_address>
         <run_address>0x9993</run_address>
         <size>0x294</size>
         <input_file_ref idref="fl-d7"/>
      </object_component>
      <object_component id="oc-b1">
         <name>.debug_info</name>
         <load_address>0x9c27</load_address>
         <run_address>0x9c27</run_address>
         <size>0x292</size>
         <input_file_ref idref="fl-d7"/>
      </object_component>
      <object_component id="oc-ab">
         <name>.debug_info</name>
         <load_address>0x9eb9</load_address>
         <run_address>0x9eb9</run_address>
         <size>0x27f</size>
         <input_file_ref idref="fl-d7"/>
      </object_component>
      <object_component id="oc-93">
         <name>.debug_info</name>
         <load_address>0xa138</load_address>
         <run_address>0xa138</run_address>
         <size>0x281</size>
         <input_file_ref idref="fl-d7"/>
      </object_component>
      <object_component id="oc-8d">
         <name>.debug_info</name>
         <load_address>0xa3b9</load_address>
         <run_address>0xa3b9</run_address>
         <size>0x28c</size>
         <input_file_ref idref="fl-d7"/>
      </object_component>
      <object_component id="oc-17f">
         <name>.debug_info</name>
         <load_address>0xa645</load_address>
         <run_address>0xa645</run_address>
         <size>0x227</size>
         <input_file_ref idref="fl-d8"/>
      </object_component>
      <object_component id="oc-f5">
         <name>.debug_info</name>
         <load_address>0xa86c</load_address>
         <run_address>0xa86c</run_address>
         <size>0x27f</size>
         <input_file_ref idref="fl-d8"/>
      </object_component>
      <object_component id="oc-e9">
         <name>.debug_info</name>
         <load_address>0xaaeb</load_address>
         <run_address>0xaaeb</run_address>
         <size>0x28f</size>
         <input_file_ref idref="fl-d8"/>
      </object_component>
      <object_component id="oc-fb">
         <name>.debug_info</name>
         <load_address>0xad7a</load_address>
         <run_address>0xad7a</run_address>
         <size>0x28d</size>
         <input_file_ref idref="fl-d8"/>
      </object_component>
      <object_component id="oc-179">
         <name>.debug_info</name>
         <load_address>0xb007</load_address>
         <run_address>0xb007</run_address>
         <size>0x247</size>
         <input_file_ref idref="fl-d8"/>
      </object_component>
      <object_component id="oc-173">
         <name>.debug_info</name>
         <load_address>0xb24e</load_address>
         <run_address>0xb24e</run_address>
         <size>0x249</size>
         <input_file_ref idref="fl-d8"/>
      </object_component>
      <object_component id="oc-d7">
         <name>.debug_info</name>
         <load_address>0xb497</load_address>
         <run_address>0xb497</run_address>
         <size>0x326</size>
         <input_file_ref idref="fl-d8"/>
      </object_component>
      <object_component id="oc-1a8">
         <name>.debug_info</name>
         <load_address>0xb7bd</load_address>
         <run_address>0xb7bd</run_address>
         <size>0x291</size>
         <input_file_ref idref="fl-d8"/>
      </object_component>
      <object_component id="oc-107">
         <name>.debug_info</name>
         <load_address>0xba4e</load_address>
         <run_address>0xba4e</run_address>
         <size>0x253</size>
         <input_file_ref idref="fl-d8"/>
      </object_component>
      <object_component id="oc-ef">
         <name>.debug_info</name>
         <load_address>0xbca1</load_address>
         <run_address>0xbca1</run_address>
         <size>0x273</size>
         <input_file_ref idref="fl-d8"/>
      </object_component>
      <object_component id="oc-101">
         <name>.debug_info</name>
         <load_address>0xbf14</load_address>
         <run_address>0xbf14</run_address>
         <size>0x263</size>
         <input_file_ref idref="fl-d8"/>
      </object_component>
      <object_component id="oc-209">
         <name>.debug_info</name>
         <load_address>0xc177</load_address>
         <run_address>0xc177</run_address>
         <size>0x24d</size>
         <input_file_ref idref="fl-d8"/>
      </object_component>
      <object_component id="oc-183">
         <name>.debug_info</name>
         <load_address>0xc3c4</load_address>
         <run_address>0xc3c4</run_address>
         <size>0x212</size>
         <input_file_ref idref="fl-d9"/>
      </object_component>
      <object_component id="oc-269">
         <name>.debug_info</name>
         <load_address>0xc5d6</load_address>
         <run_address>0xc5d6</run_address>
         <size>0x9c</size>
      </object_component>
      <object_component id="oc-22f">
         <name>.debug_line</name>
         <load_address>0x0</load_address>
         <run_address>0x0</run_address>
         <size>0x3b</size>
         <input_file_ref idref="fl-2"/>
      </object_component>
      <object_component id="oc-1bd">
         <name>.debug_line</name>
         <load_address>0x3b</load_address>
         <run_address>0x3b</run_address>
         <size>0x209</size>
         <input_file_ref idref="fl-2"/>
      </object_component>
      <object_component id="oc-194">
         <name>.debug_line</name>
         <load_address>0x244</load_address>
         <run_address>0x244</run_address>
         <size>0x2f</size>
         <input_file_ref idref="fl-2"/>
      </object_component>
      <object_component id="oc-c2">
         <name>.debug_line</name>
         <load_address>0x273</load_address>
         <run_address>0x273</run_address>
         <size>0x20</size>
         <input_file_ref idref="fl-2"/>
      </object_component>
      <object_component id="oc-bd">
         <name>.debug_line</name>
         <load_address>0x293</load_address>
         <run_address>0x293</run_address>
         <size>0x65</size>
         <input_file_ref idref="fl-2"/>
      </object_component>
      <object_component id="oc-125">
         <name>.debug_line</name>
         <load_address>0x2f8</load_address>
         <run_address>0x2f8</run_address>
         <size>0x65</size>
         <input_file_ref idref="fl-2"/>
      </object_component>
      <object_component id="oc-223">
         <name>.debug_line</name>
         <load_address>0x35d</load_address>
         <run_address>0x35d</run_address>
         <size>0x65</size>
         <input_file_ref idref="fl-2"/>
      </object_component>
      <object_component id="oc-1f1">
         <name>.debug_line</name>
         <load_address>0x3c2</load_address>
         <run_address>0x3c2</run_address>
         <size>0x20</size>
         <input_file_ref idref="fl-3"/>
      </object_component>
      <object_component id="oc-e0">
         <name>.debug_line</name>
         <load_address>0x3e2</load_address>
         <run_address>0x3e2</run_address>
         <size>0xff</size>
         <input_file_ref idref="fl-3"/>
      </object_component>
      <object_component id="oc-22a">
         <name>.debug_line</name>
         <load_address>0x4e1</load_address>
         <run_address>0x4e1</run_address>
         <size>0x124</size>
         <input_file_ref idref="fl-4"/>
      </object_component>
      <object_component id="oc-13d">
         <name>.debug_line</name>
         <load_address>0x605</load_address>
         <run_address>0x605</run_address>
         <size>0xcf</size>
         <input_file_ref idref="fl-4"/>
      </object_component>
      <object_component id="oc-15b">
         <name>.debug_line</name>
         <load_address>0x6d4</load_address>
         <run_address>0x6d4</run_address>
         <size>0xd8</size>
         <input_file_ref idref="fl-5"/>
      </object_component>
      <object_component id="oc-35">
         <name>.debug_line</name>
         <load_address>0x7ac</load_address>
         <run_address>0x7ac</run_address>
         <size>0xab</size>
         <input_file_ref idref="fl-5"/>
      </object_component>
      <object_component id="oc-112">
         <name>.debug_line</name>
         <load_address>0x857</load_address>
         <run_address>0x857</run_address>
         <size>0x41</size>
         <input_file_ref idref="fl-6"/>
      </object_component>
      <object_component id="oc-3e">
         <name>.debug_line</name>
         <load_address>0x898</load_address>
         <run_address>0x898</run_address>
         <size>0x41</size>
         <input_file_ref idref="fl-6"/>
      </object_component>
      <object_component id="oc-2f">
         <name>.debug_line</name>
         <load_address>0x8d9</load_address>
         <run_address>0x8d9</run_address>
         <size>0xa1</size>
         <input_file_ref idref="fl-6"/>
      </object_component>
      <object_component id="oc-49">
         <name>.debug_line</name>
         <load_address>0x97a</load_address>
         <run_address>0x97a</run_address>
         <size>0x20</size>
         <input_file_ref idref="fl-6"/>
      </object_component>
      <object_component id="oc-190">
         <name>.debug_line</name>
         <load_address>0x99a</load_address>
         <run_address>0x99a</run_address>
         <size>0x11b</size>
         <input_file_ref idref="fl-7"/>
      </object_component>
      <object_component id="oc-3b">
         <name>.debug_line</name>
         <load_address>0xab5</load_address>
         <run_address>0xab5</run_address>
         <size>0xcd</size>
         <input_file_ref idref="fl-7"/>
      </object_component>
      <object_component id="oc-243">
         <name>.debug_line</name>
         <load_address>0xb82</load_address>
         <run_address>0xb82</run_address>
         <size>0x8e</size>
         <input_file_ref idref="fl-8"/>
      </object_component>
      <object_component id="oc-235">
         <name>.debug_line</name>
         <load_address>0xc10</load_address>
         <run_address>0xc10</run_address>
         <size>0x32</size>
         <input_file_ref idref="fl-8"/>
      </object_component>
      <object_component id="oc-241">
         <name>.debug_line</name>
         <load_address>0xc42</load_address>
         <run_address>0xc42</run_address>
         <size>0x32</size>
         <input_file_ref idref="fl-8"/>
      </object_component>
      <object_component id="oc-237">
         <name>.debug_line</name>
         <load_address>0xc74</load_address>
         <run_address>0xc74</run_address>
         <size>0x32</size>
         <input_file_ref idref="fl-8"/>
      </object_component>
      <object_component id="oc-233">
         <name>.debug_line</name>
         <load_address>0xca6</load_address>
         <run_address>0xca6</run_address>
         <size>0x32</size>
         <input_file_ref idref="fl-8"/>
      </object_component>
      <object_component id="oc-1b1">
         <name>.debug_line</name>
         <load_address>0xcd8</load_address>
         <run_address>0xcd8</run_address>
         <size>0x27d</size>
         <input_file_ref idref="fl-8"/>
      </object_component>
      <object_component id="oc-28">
         <name>.debug_line</name>
         <load_address>0xf55</load_address>
         <run_address>0xf55</run_address>
         <size>0x53</size>
         <input_file_ref idref="fl-c3"/>
      </object_component>
      <object_component id="oc-197">
         <name>.debug_line</name>
         <load_address>0xfa8</load_address>
         <run_address>0xfa8</run_address>
         <size>0x20</size>
         <input_file_ref idref="fl-c4"/>
      </object_component>
      <object_component id="oc-15">
         <name>.debug_line</name>
         <load_address>0xfc8</load_address>
         <run_address>0xfc8</run_address>
         <size>0xa9</size>
         <input_file_ref idref="fl-c4"/>
      </object_component>
      <object_component id="oc-44">
         <name>.debug_line</name>
         <load_address>0x1071</load_address>
         <run_address>0x1071</run_address>
         <size>0x3a</size>
         <input_file_ref idref="fl-c4"/>
      </object_component>
      <object_component id="oc-116">
         <name>.debug_line</name>
         <load_address>0x10ab</load_address>
         <run_address>0x10ab</run_address>
         <size>0x8a</size>
         <input_file_ref idref="fl-c4"/>
      </object_component>
      <object_component id="oc-120">
         <name>.debug_line</name>
         <load_address>0x1135</load_address>
         <run_address>0x1135</run_address>
         <size>0x8a</size>
         <input_file_ref idref="fl-c5"/>
      </object_component>
      <object_component id="oc-1d">
         <name>.debug_line</name>
         <load_address>0x11bf</load_address>
         <run_address>0x11bf</run_address>
         <size>0x55</size>
         <input_file_ref idref="fl-c5"/>
      </object_component>
      <object_component id="oc-54">
         <name>.debug_line</name>
         <load_address>0x1214</load_address>
         <run_address>0x1214</run_address>
         <size>0x3a</size>
         <input_file_ref idref="fl-c5"/>
      </object_component>
      <object_component id="oc-11d">
         <name>.debug_line</name>
         <load_address>0x124e</load_address>
         <run_address>0x124e</run_address>
         <size>0x8a</size>
         <input_file_ref idref="fl-c5"/>
      </object_component>
      <object_component id="oc-128">
         <name>.debug_line</name>
         <load_address>0x12d8</load_address>
         <run_address>0x12d8</run_address>
         <size>0x8a</size>
         <input_file_ref idref="fl-c6"/>
      </object_component>
      <object_component id="oc-1f">
         <name>.debug_line</name>
         <load_address>0x1362</load_address>
         <run_address>0x1362</run_address>
         <size>0x4f</size>
         <input_file_ref idref="fl-c6"/>
      </object_component>
      <object_component id="oc-60">
         <name>.debug_line</name>
         <load_address>0x13b1</load_address>
         <run_address>0x13b1</run_address>
         <size>0x34</size>
         <input_file_ref idref="fl-c6"/>
      </object_component>
      <object_component id="oc-1d6">
         <name>.debug_line</name>
         <load_address>0x13e5</load_address>
         <run_address>0x13e5</run_address>
         <size>0xf2</size>
         <input_file_ref idref="fl-c7"/>
      </object_component>
      <object_component id="oc-1ca">
         <name>.debug_line</name>
         <load_address>0x14d7</load_address>
         <run_address>0x14d7</run_address>
         <size>0x2a</size>
         <input_file_ref idref="fl-c7"/>
      </object_component>
      <object_component id="oc-7f">
         <name>.debug_line</name>
         <load_address>0x1501</load_address>
         <run_address>0x1501</run_address>
         <size>0x86</size>
         <input_file_ref idref="fl-c7"/>
      </object_component>
      <object_component id="oc-4f">
         <name>.debug_line</name>
         <load_address>0x1587</load_address>
         <run_address>0x1587</run_address>
         <size>0x88</size>
         <input_file_ref idref="fl-c8"/>
      </object_component>
      <object_component id="oc-5b">
         <name>.debug_line</name>
         <load_address>0x160f</load_address>
         <run_address>0x160f</run_address>
         <size>0x79</size>
         <input_file_ref idref="fl-c9"/>
      </object_component>
      <object_component id="oc-67">
         <name>.debug_line</name>
         <load_address>0x1688</load_address>
         <run_address>0x1688</run_address>
         <size>0x3d</size>
         <input_file_ref idref="fl-ca"/>
      </object_component>
      <object_component id="oc-6d">
         <name>.debug_line</name>
         <load_address>0x16c5</load_address>
         <run_address>0x16c5</run_address>
         <size>0x40</size>
         <input_file_ref idref="fl-cb"/>
      </object_component>
      <object_component id="oc-14b">
         <name>.debug_line</name>
         <load_address>0x1705</load_address>
         <run_address>0x1705</run_address>
         <size>0x33</size>
         <input_file_ref idref="fl-cc"/>
      </object_component>
      <object_component id="oc-217">
         <name>.debug_line</name>
         <load_address>0x1738</load_address>
         <run_address>0x1738</run_address>
         <size>0x5b</size>
         <input_file_ref idref="fl-cd"/>
      </object_component>
      <object_component id="oc-22d">
         <name>.debug_line</name>
         <load_address>0x1793</load_address>
         <run_address>0x1793</run_address>
         <size>0x20</size>
         <input_file_ref idref="fl-ce"/>
      </object_component>
      <object_component id="oc-1d2">
         <name>.debug_line</name>
         <load_address>0x17b3</load_address>
         <run_address>0x17b3</run_address>
         <size>0x2b</size>
         <input_file_ref idref="fl-ce"/>
      </object_component>
      <object_component id="oc-1cf">
         <name>.debug_line</name>
         <load_address>0x17de</load_address>
         <run_address>0x17de</run_address>
         <size>0x68</size>
         <input_file_ref idref="fl-ce"/>
      </object_component>
      <object_component id="oc-1c3">
         <name>.debug_line</name>
         <load_address>0x1846</load_address>
         <run_address>0x1846</run_address>
         <size>0x2b</size>
         <input_file_ref idref="fl-cf"/>
      </object_component>
      <object_component id="oc-79">
         <name>.debug_line</name>
         <load_address>0x1871</load_address>
         <run_address>0x1871</run_address>
         <size>0x4a</size>
         <input_file_ref idref="fl-cf"/>
      </object_component>
      <object_component id="oc-1c7">
         <name>.debug_line</name>
         <load_address>0x18bb</load_address>
         <run_address>0x18bb</run_address>
         <size>0x2b</size>
         <input_file_ref idref="fl-cf"/>
      </object_component>
      <object_component id="oc-19c">
         <name>.debug_line</name>
         <load_address>0x18e6</load_address>
         <run_address>0x18e6</run_address>
         <size>0xa9</size>
         <input_file_ref idref="fl-d0"/>
      </object_component>
      <object_component id="oc-73">
         <name>.debug_line</name>
         <load_address>0x198f</load_address>
         <run_address>0x198f</run_address>
         <size>0x8b</size>
         <input_file_ref idref="fl-d0"/>
      </object_component>
      <object_component id="oc-1a0">
         <name>.debug_line</name>
         <load_address>0x1a1a</load_address>
         <run_address>0x1a1a</run_address>
         <size>0x2e</size>
         <input_file_ref idref="fl-d0"/>
      </object_component>
      <object_component id="oc-1fe">
         <name>.debug_line</name>
         <load_address>0x1a48</load_address>
         <run_address>0x1a48</run_address>
         <size>0x8a</size>
         <input_file_ref idref="fl-d0"/>
      </object_component>
      <object_component id="oc-1a5">
         <name>.debug_line</name>
         <load_address>0x1ad2</load_address>
         <run_address>0x1ad2</run_address>
         <size>0x8b</size>
         <input_file_ref idref="fl-d0"/>
      </object_component>
      <object_component id="oc-1f5">
         <name>.debug_line</name>
         <load_address>0x1b5d</load_address>
         <run_address>0x1b5d</run_address>
         <size>0x98</size>
         <input_file_ref idref="fl-d1"/>
      </object_component>
      <object_component id="oc-12f">
         <name>.debug_line</name>
         <load_address>0x1bf5</load_address>
         <run_address>0x1bf5</run_address>
         <size>0x68</size>
         <input_file_ref idref="fl-d1"/>
      </object_component>
      <object_component id="oc-1f9">
         <name>.debug_line</name>
         <load_address>0x1c5d</load_address>
         <run_address>0x1c5d</run_address>
         <size>0x2e</size>
         <input_file_ref idref="fl-d1"/>
      </object_component>
      <object_component id="oc-23a">
         <name>.debug_line</name>
         <load_address>0x1c8b</load_address>
         <run_address>0x1c8b</run_address>
         <size>0x3b</size>
         <input_file_ref idref="fl-d2"/>
      </object_component>
      <object_component id="oc-136">
         <name>.debug_line</name>
         <load_address>0x1cc6</load_address>
         <run_address>0x1cc6</run_address>
         <size>0x3c</size>
         <input_file_ref idref="fl-d3"/>
      </object_component>
      <object_component id="oc-1e7">
         <name>.debug_line</name>
         <load_address>0x1d02</load_address>
         <run_address>0x1d02</run_address>
         <size>0x82</size>
         <input_file_ref idref="fl-d4"/>
      </object_component>
      <object_component id="oc-1e5">
         <name>.debug_line</name>
         <load_address>0x1d84</load_address>
         <run_address>0x1d84</run_address>
         <size>0x7d</size>
         <input_file_ref idref="fl-d4"/>
      </object_component>
      <object_component id="oc-165">
         <name>.debug_line</name>
         <load_address>0x1e01</load_address>
         <run_address>0x1e01</run_address>
         <size>0x95</size>
         <input_file_ref idref="fl-d4"/>
      </object_component>
      <object_component id="oc-16b">
         <name>.debug_line</name>
         <load_address>0x1e96</load_address>
         <run_address>0x1e96</run_address>
         <size>0xd1</size>
         <input_file_ref idref="fl-d4"/>
      </object_component>
      <object_component id="oc-ce">
         <name>.debug_line</name>
         <load_address>0x1f67</load_address>
         <run_address>0x1f67</run_address>
         <size>0x93</size>
         <input_file_ref idref="fl-d4"/>
      </object_component>
      <object_component id="oc-c8">
         <name>.debug_line</name>
         <load_address>0x1ffa</load_address>
         <run_address>0x1ffa</run_address>
         <size>0xa7</size>
         <input_file_ref idref="fl-d4"/>
      </object_component>
      <object_component id="oc-1e3">
         <name>.debug_line</name>
         <load_address>0x20a1</load_address>
         <run_address>0x20a1</run_address>
         <size>0x7c</size>
         <input_file_ref idref="fl-d5"/>
      </object_component>
      <object_component id="oc-1e1">
         <name>.debug_line</name>
         <load_address>0x211d</load_address>
         <run_address>0x211d</run_address>
         <size>0x82</size>
         <input_file_ref idref="fl-d5"/>
      </object_component>
      <object_component id="oc-e6">
         <name>.debug_line</name>
         <load_address>0x219f</load_address>
         <run_address>0x219f</run_address>
         <size>0x97</size>
         <input_file_ref idref="fl-d5"/>
      </object_component>
      <object_component id="oc-a2">
         <name>.debug_line</name>
         <load_address>0x2236</load_address>
         <run_address>0x2236</run_address>
         <size>0xc2</size>
         <input_file_ref idref="fl-d5"/>
      </object_component>
      <object_component id="oc-1d8">
         <name>.debug_line</name>
         <load_address>0x22f8</load_address>
         <run_address>0x22f8</run_address>
         <size>0x13d</size>
         <input_file_ref idref="fl-d6"/>
      </object_component>
      <object_component id="oc-1eb">
         <name>.debug_line</name>
         <load_address>0x2435</load_address>
         <run_address>0x2435</run_address>
         <size>0x7f</size>
         <input_file_ref idref="fl-d6"/>
      </object_component>
      <object_component id="oc-205">
         <name>.debug_line</name>
         <load_address>0x24b4</load_address>
         <run_address>0x24b4</run_address>
         <size>0x94</size>
         <input_file_ref idref="fl-d6"/>
      </object_component>
      <object_component id="oc-8a">
         <name>.debug_line</name>
         <load_address>0x2548</load_address>
         <run_address>0x2548</run_address>
         <size>0x94</size>
         <input_file_ref idref="fl-d6"/>
      </object_component>
      <object_component id="oc-1b7">
         <name>.debug_line</name>
         <load_address>0x25dc</load_address>
         <run_address>0x25dc</run_address>
         <size>0xee</size>
         <input_file_ref idref="fl-d6"/>
      </object_component>
      <object_component id="oc-d4">
         <name>.debug_line</name>
         <load_address>0x26ca</load_address>
         <run_address>0x26ca</run_address>
         <size>0x11a</size>
         <input_file_ref idref="fl-d6"/>
      </object_component>
      <object_component id="oc-1dc">
         <name>.debug_line</name>
         <load_address>0x27e4</load_address>
         <run_address>0x27e4</run_address>
         <size>0x7f</size>
         <input_file_ref idref="fl-d6"/>
      </object_component>
      <object_component id="oc-1df">
         <name>.debug_line</name>
         <load_address>0x2863</load_address>
         <run_address>0x2863</run_address>
         <size>0x82</size>
         <input_file_ref idref="fl-d7"/>
      </object_component>
      <object_component id="oc-a8">
         <name>.debug_line</name>
         <load_address>0x28e5</load_address>
         <run_address>0x28e5</run_address>
         <size>0x9c</size>
         <input_file_ref idref="fl-d7"/>
      </object_component>
      <object_component id="oc-9c">
         <name>.debug_line</name>
         <load_address>0x2981</load_address>
         <run_address>0x2981</run_address>
         <size>0x93</size>
         <input_file_ref idref="fl-d7"/>
      </object_component>
      <object_component id="oc-b4">
         <name>.debug_line</name>
         <load_address>0x2a14</load_address>
         <run_address>0x2a14</run_address>
         <size>0x93</size>
         <input_file_ref idref="fl-d7"/>
      </object_component>
      <object_component id="oc-ae">
         <name>.debug_line</name>
         <load_address>0x2aa7</load_address>
         <run_address>0x2aa7</run_address>
         <size>0x93</size>
         <input_file_ref idref="fl-d7"/>
      </object_component>
      <object_component id="oc-96">
         <name>.debug_line</name>
         <load_address>0x2b3a</load_address>
         <run_address>0x2b3a</run_address>
         <size>0x93</size>
         <input_file_ref idref="fl-d7"/>
      </object_component>
      <object_component id="oc-90">
         <name>.debug_line</name>
         <load_address>0x2bcd</load_address>
         <run_address>0x2bcd</run_address>
         <size>0xb7</size>
         <input_file_ref idref="fl-d7"/>
      </object_component>
      <object_component id="oc-1ef">
         <name>.debug_line</name>
         <load_address>0x2c84</load_address>
         <run_address>0x2c84</run_address>
         <size>0x82</size>
         <input_file_ref idref="fl-d8"/>
      </object_component>
      <object_component id="oc-f8">
         <name>.debug_line</name>
         <load_address>0x2d06</load_address>
         <run_address>0x2d06</run_address>
         <size>0x92</size>
         <input_file_ref idref="fl-d8"/>
      </object_component>
      <object_component id="oc-ec">
         <name>.debug_line</name>
         <load_address>0x2d98</load_address>
         <run_address>0x2d98</run_address>
         <size>0x92</size>
         <input_file_ref idref="fl-d8"/>
      </object_component>
      <object_component id="oc-fe">
         <name>.debug_line</name>
         <load_address>0x2e2a</load_address>
         <run_address>0x2e2a</run_address>
         <size>0x92</size>
         <input_file_ref idref="fl-d8"/>
      </object_component>
      <object_component id="oc-17c">
         <name>.debug_line</name>
         <load_address>0x2ebc</load_address>
         <run_address>0x2ebc</run_address>
         <size>0x93</size>
         <input_file_ref idref="fl-d8"/>
      </object_component>
      <object_component id="oc-176">
         <name>.debug_line</name>
         <load_address>0x2f4f</load_address>
         <run_address>0x2f4f</run_address>
         <size>0x96</size>
         <input_file_ref idref="fl-d8"/>
      </object_component>
      <object_component id="oc-da">
         <name>.debug_line</name>
         <load_address>0x2fe5</load_address>
         <run_address>0x2fe5</run_address>
         <size>0xb3</size>
         <input_file_ref idref="fl-d8"/>
      </object_component>
      <object_component id="oc-1ab">
         <name>.debug_line</name>
         <load_address>0x3098</load_address>
         <run_address>0x3098</run_address>
         <size>0x92</size>
         <input_file_ref idref="fl-d8"/>
      </object_component>
      <object_component id="oc-10a">
         <name>.debug_line</name>
         <load_address>0x312a</load_address>
         <run_address>0x312a</run_address>
         <size>0x92</size>
         <input_file_ref idref="fl-d8"/>
      </object_component>
      <object_component id="oc-f2">
         <name>.debug_line</name>
         <load_address>0x31bc</load_address>
         <run_address>0x31bc</run_address>
         <size>0x93</size>
         <input_file_ref idref="fl-d8"/>
      </object_component>
      <object_component id="oc-104">
         <name>.debug_line</name>
         <load_address>0x324f</load_address>
         <run_address>0x324f</run_address>
         <size>0x92</size>
         <input_file_ref idref="fl-d8"/>
      </object_component>
      <object_component id="oc-208">
         <name>.debug_line</name>
         <load_address>0x32e1</load_address>
         <run_address>0x32e1</run_address>
         <size>0x93</size>
         <input_file_ref idref="fl-d8"/>
      </object_component>
      <object_component id="oc-186">
         <name>.debug_line</name>
         <load_address>0x3374</load_address>
         <run_address>0x3374</run_address>
         <size>0x91</size>
         <input_file_ref idref="fl-d9"/>
      </object_component>
      <object_component id="oc-1be">
         <name>.debug_frame</name>
         <load_address>0x0</load_address>
         <run_address>0x0</run_address>
         <size>0x13d</size>
         <input_file_ref idref="fl-2"/>
      </object_component>
      <object_component id="oc-e1">
         <name>.debug_frame</name>
         <load_address>0x13d</load_address>
         <run_address>0x13d</run_address>
         <size>0xd4</size>
         <input_file_ref idref="fl-3"/>
      </object_component>
      <object_component id="oc-13e">
         <name>.debug_frame</name>
         <load_address>0x211</load_address>
         <run_address>0x211</run_address>
         <size>0x8f</size>
         <input_file_ref idref="fl-4"/>
      </object_component>
      <object_component id="oc-36">
         <name>.debug_frame</name>
         <load_address>0x2a0</load_address>
         <run_address>0x2a0</run_address>
         <size>0xb1</size>
         <input_file_ref idref="fl-5"/>
      </object_component>
      <object_component id="oc-30">
         <name>.debug_frame</name>
         <load_address>0x351</load_address>
         <run_address>0x351</run_address>
         <size>0x84</size>
         <input_file_ref idref="fl-6"/>
      </object_component>
      <object_component id="oc-3c">
         <name>.debug_frame</name>
         <load_address>0x3d5</load_address>
         <run_address>0x3d5</run_address>
         <size>0xc4</size>
         <input_file_ref idref="fl-7"/>
      </object_component>
      <object_component id="oc-1b2">
         <name>.debug_frame</name>
         <load_address>0x499</load_address>
         <run_address>0x499</run_address>
         <size>0xfb</size>
         <input_file_ref idref="fl-8"/>
      </object_component>
      <object_component id="oc-14">
         <name>.debug_frame</name>
         <load_address>0x594</load_address>
         <run_address>0x594</run_address>
         <size>0x60</size>
         <input_file_ref idref="fl-c4"/>
      </object_component>
      <object_component id="oc-19">
         <name>.debug_frame</name>
         <load_address>0x5f4</load_address>
         <run_address>0x5f4</run_address>
         <size>0x51</size>
         <input_file_ref idref="fl-c5"/>
      </object_component>
      <object_component id="oc-23">
         <name>.debug_frame</name>
         <load_address>0x645</load_address>
         <run_address>0x645</run_address>
         <size>0x51</size>
         <input_file_ref idref="fl-c6"/>
      </object_component>
      <object_component id="oc-80">
         <name>.debug_frame</name>
         <load_address>0x696</load_address>
         <run_address>0x696</run_address>
         <size>0x85</size>
         <input_file_ref idref="fl-c7"/>
      </object_component>
      <object_component id="oc-68">
         <name>.debug_frame</name>
         <load_address>0x71b</load_address>
         <run_address>0x71b</run_address>
         <size>0x51</size>
         <input_file_ref idref="fl-ca"/>
      </object_component>
      <object_component id="oc-6e">
         <name>.debug_frame</name>
         <load_address>0x76c</load_address>
         <run_address>0x76c</run_address>
         <size>0x51</size>
         <input_file_ref idref="fl-cb"/>
      </object_component>
      <object_component id="oc-1d0">
         <name>.debug_frame</name>
         <load_address>0x7bd</load_address>
         <run_address>0x7bd</run_address>
         <size>0x73</size>
         <input_file_ref idref="fl-ce"/>
      </object_component>
      <object_component id="oc-7a">
         <name>.debug_frame</name>
         <load_address>0x830</load_address>
         <run_address>0x830</run_address>
         <size>0x51</size>
         <input_file_ref idref="fl-cf"/>
      </object_component>
      <object_component id="oc-74">
[...]
         <name>SRAM</name>
         <page_id>0x0</page_id>
         <origin>0x20000000</origin>
         <length>0x8000</length>
         <used_space>0xc79</used_space>
         <unused_space>0x7387</unused_space>
         <attributes>RWX</attributes>
         <usage_details>
            <allocated_space>
               <start_address>0x20000000</start_address>
               <size>0x800</size>
               <logical_group_ref idref="lg-d"/>
            </allocated_space>
            <allocated_space>
               <start_address>0x20000800</start_address>
               <size>0x459</size>
               <logical_group_ref idref="lg-b"/>
            </allocated_space>
            <available_space>
               <start_address>0x20000c59</start_address>
               <size>0x3</size>
            </available_space>
            <allocated_space>
               <start_address>0x20000c5c</start_address>
               <size>0x20</size>
               <logical_group_ref idref="lg-a"/>
            </allocated_space>
            <available_space>
               <start_address>0x20000c7c</start_address>
               <size>0x7384</size>
            </available_space>
         </usage_details>
      </memory_area>
   </placement_map>
   <cptbl_list>
      <cptbl>
         <name>__TI_cinit_table</name>
         <cprec>
            <name>.data</name>
            <load_address>0x1b20</load_address>
            <load_size>0x11</load_size>
            <run_address>0x20000c5c</run_address>
            <run_size>0x20</run_size>
            <compression>lzss</compression>
         </cprec>
         <cprec>
            <name>.bss</name>
            <load_address>0x1b40</load_address>
            <load_size>0x8</load_size>
            <run_address>0x20000800</run_address>
            <run_size>0x459</run_size>
            <compression>zero_init</compression>
         </cprec>
      </cptbl>
   </cptbl_list>
   <handler_table>
      <handler_table_name>__TI_handler_table</handler_table_name>
      <handler>
         <index>0x0</index>
         <name>__TI_decompress_lzss</name>
      </handler>
      <handler>
         <index>0x1</index>
         <name>__TI_decompress_none</name>
      </handler>
      <handler>
         <index>0x2</index>
         <name>__TI_zero_init</name>
      </handler>
   </handler_table>
   <symbol_table>
      <symbol id="sm-1">
         <name>__STACK_TOP</name>
         <value>0x20000200</value>
      </symbol>
      <symbol id="sm-2">
         <name>__TI_CINIT_Base</name>
         <value>0x1b48</value>
      </symbol>
      <symbol id="sm-3">
         <name>__TI_CINIT_Limit</name>
         <value>0x1b58</value>
      </symbol>
      <symbol id="sm-4">
         <name>__TI_Handler_Table_Base</name>
         <value>0x1b34</value>
      </symbol>
      <symbol id="sm-5">
         <name>__TI_Handler_Table_Limit</name>
         <value>0x1b40</value>
      </symbol>
      <symbol id="sm-6">
         <name>binit</name>
         <value>0xffffffff</value>
      </symbol>
      <symbol id="sm-7">
         <name>__binit__</name>
         <value>0xffffffff</value>
      </symbol>
      <symbol id="sm-8">
         <name>__STACK_SIZE</name>
         <value>0x800</value>
      </symbol>
      <symbol id="sm-9">
         <name>__STACK_END</name>
         <value>0x20000800</value>
      </symbol>
      <symbol id="sm-a">
         <name>__c_args__</name>
         <value>0xffffffff</value>
      </symbol>
      <symbol id="sm-b">
         <name>__TI_pprof_out_hndl</name>
         <value>0xffffffff</value>
      </symbol>
      <symbol id="sm-c">
         <name>__TI_prof_data_start</name>
         <value>0xffffffff</value>
      </symbol>
      <symbol id="sm-d">
         <name>__TI_prof_data_size</name>
         <value>0xffffffff</value>
      </symbol>
      <symbol id="sm-7e">
         <name>PTC08_FBuffCtrl</name>
         <value>0x943</value>
         <object_component_ref idref="oc-1b9"/>
      </symbol>
      <symbol id="sm-7f">
         <name>PTC08_ReadData</name>
         <value>0x9b9</value>
         <object_component_ref idref="oc-1b9"/>
      </symbol>
      <symbol id="sm-80">
         <name>PTC08_Reset</name>
         <value>0x97b</value>
         <object_component_ref idref="oc-1b9"/>
      </symbol>
      <symbol id="sm-81">
         <name>PTC08_GetFBuffLen</name>
         <value>0x8ed</value>
         <object_component_ref idref="oc-1b9"/>
      </symbol>
      <symbol id="sm-82">
         <name>PTC08_ReadFBuff</name>
         <value>0x843</value>
         <object_component_ref idref="oc-1b9"/>
      </symbol>
      <symbol id="sm-a0">
         <name>Buffer_Available</name>
         <value>0xe13</value>
         <object_component_ref idref="oc-dc"/>
      </symbol>
      <symbol id="sm-a1">
         <name>Buffer_Empty</name>
         <value>0xe45</value>
         <object_component_ref idref="oc-dc"/>
      </symbol>
      <symbol id="sm-a2">
         <name>Buffer_Full</name>
         <value>0xe27</value>
         <object_component_ref idref="oc-dc"/>
      </symbol>
      <symbol id="sm-a3">
         <name>Buffer_Write</name>
         <value>0xd2b</value>
         <object_component_ref idref="oc-dc"/>
      </symbol>
      <symbol id="sm-a4">
         <name>Buffer_Init</name>
         <value>0xd05</value>
         <object_component_ref idref="oc-dc"/>
      </symbol>
      <symbol id="sm-a5">
         <name>Buffer_Read</name>
         <value>0xd97</value>
         <object_component_ref idref="oc-dc"/>
      </symbol>
      <symbol id="sm-cf">
         <name>main</name>
         <value>0xbd3</value>
         <object_component_ref idref="oc-139"/>
      </symbol>
      <symbol id="sm-d0">
         <name>InitConsole</name>
         <value>0xb69</value>
         <object_component_ref idref="oc-139"/>
      </symbol>
      <symbol id="sm-d1">
         <name>UART0_WriteBytes</name>
         <value>0xba5</value>
         <object_component_ref idref="oc-139"/>
      </symbol>
      <symbol id="sm-e7">
         <name>timeout</name>
         <value>0x20000c58</value>
      </symbol>
      <symbol id="sm-e8">
         <name>TIMER0_init</name>
         <value>0x1341</value>
         <object_component_ref idref="oc-31"/>
      </symbol>
      <symbol id="sm-e9">
         <name>TIMER0IntHandler</name>
         <value>0x139f</value>
         <object_component_ref idref="oc-31"/>
      </symbol>
      <symbol id="sm-ea">
         <name>TIMER0_CheckTimeout</name>
         <value>0x1399</value>
         <object_component_ref idref="oc-31"/>
      </symbol>
      <symbol id="sm-eb">
         <name>TIMER0_DisableTimer</name>
         <value>0x138d</value>
         <object_component_ref idref="oc-31"/>
      </symbol>
      <symbol id="sm-ec">
         <name>TIMER0_SetTimer</name>
         <value>0x136f</value>
         <object_component_ref idref="oc-31"/>
      </symbol>
      <symbol id="sm-10d">
         <name>ResetISR</name>
         <value>0x1931</value>
         <object_component_ref idref="oc-2b"/>
      </symbol>
      <symbol id="sm-10e">
         <name>g_pfnVectors</name>
         <value>0x0</value>
         <object_component_ref idref="oc-f"/>
      </symbol>
      <symbol id="sm-12d">
         <name>UART5_Buffer</name>
         <value>0x20000c48</value>
      </symbol>
      <symbol id="sm-12e">
         <name>UART5_Data</name>
         <value>0x20000800</value>
      </symbol>
      <symbol id="sm-12f">
         <name>UART5_ReadBytes</name>
         <value>0x1133</value>
         <object_component_ref idref="oc-37"/>
      </symbol>
      <symbol id="sm-130">
         <name>UART5IntHandler</name>
         <value>0x1149</value>
         <object_component_ref idref="oc-37"/>
      </symbol>
      <symbol id="sm-131">
         <name>UART5_Available</name>
         <value>0x1129</value>
         <object_component_ref idref="oc-37"/>
      </symbol>
      <symbol id="sm-132">
         <name>UART5_WriteBytes</name>
         <value>0x10f9</value>
         <object_component_ref idref="oc-37"/>
      </symbol>
      <symbol id="sm-133">
         <name>UART5_Init</name>
         <value>0x10a5</value>
         <object_component_ref idref="oc-37"/>
      </symbol>
      <symbol id="sm-1a1">
         <name>UARTgetc</name>
         <value>0x39f</value>
         <object_component_ref idref="oc-1ad"/>
      </symbol>
      <symbol id="sm-1a2">
         <name>UARTgets</name>
         <value>0x2f9</value>
         <object_component_ref idref="oc-1ad"/>
      </symbol>
      <symbol id="sm-1a3">
         <name>UARTStdioConfig</name>
         <value>0x26d</value>
         <object_component_ref idref="oc-1ad"/>
      </symbol>
      <symbol id="sm-1a4">
         <name>UARTwrite</name>
         <value>0x2b3</value>
         <object_component_ref idref="oc-1ad"/>
      </symbol>
      <symbol id="sm-1a5">
         <name>UARTprintf</name>
         <value>0x6bb</value>
         <object_component_ref idref="oc-1ad"/>
      </symbol>
      <symbol id="sm-1a6">
         <name>UARTvprintf</name>
         <value>0x3c1</value>
         <object_component_ref idref="oc-1ad"/>
      </symbol>
      <symbol id="sm-1b7">
         <name>_c_int00</name>
         <value>0x15d9</value>
         <object_component_ref idref="oc-24"/>
      </symbol>
      <symbol id="sm-1b8">
         <name>__stack</name>
         <value>0x20000000</value>
         <object_component_ref idref="oc-2a"/>
      </symbol>
      <symbol id="sm-1d6">
         <name>__TI_decompress_lzss</name>
         <value>0x1511</value>
         <object_component_ref idref="oc-12"/>
      </symbol>
      <symbol id="sm-1ed">
         <name>__TI_decompress_none</name>
         <value>0x190b</value>
         <object_component_ref idref="oc-18"/>
      </symbol>
      <symbol id="sm-1ff">
         <name>__TI_zero_init</name>
         <value>0x1925</value>
         <object_component_ref idref="oc-1e"/>
      </symbol>
      <symbol id="sm-220">
         <name>C$$EXIT</name>
         <value>0x162d</value>
         <object_component_ref idref="oc-7b"/>
      </symbol>
      <symbol id="sm-221">
         <name>abort</name>
         <value>0x1631</value>
         <object_component_ref idref="oc-7b"/>
      </symbol>
      <symbol id="sm-222">
         <name>exit</name>
         <value>0x1639</value>
         <object_component_ref idref="oc-7b"/>
      </symbol>
      <symbol id="sm-223">
         <name>__TI_dtors_ptr</name>
         <value>0x20000c60</value>
         <object_component_ref idref="oc-141"/>
      </symbol>
      <symbol id="sm-224">
         <name>__TI_cleanup_ptr</name>
         <value>0x20000c5c</value>
         <object_component_ref idref="oc-141"/>
      </symbol>
      <symbol id="sm-225">
         <name>__TI_enable_exit_profile_output</name>
         <value>0x20000c64</value>
         <object_component_ref idref="oc-141"/>
      </symbol>
      <symbol id="sm-240">
         <name>memcpy</name>
         <value>0x12a5</value>
         <object_component_ref idref="oc-4b"/>
      </symbol>
      <symbol id="sm-241">
         <name>__aeabi_memcpy</name>
         <value>0x12a5</value>
         <object_component_ref idref="oc-4b"/>
      </symbol>
      <symbol id="sm-242">
         <name>__aeabi_memcpy8</name>
         <value>0x12a5</value>
         <object_component_ref idref="oc-4b"/>
      </symbol>
      <symbol id="sm-243">
         <name>__aeabi_memcpy4</name>
         <value>0x12a5</value>
         <object_component_ref idref="oc-4b"/>
      </symbol>
      <symbol id="sm-252">
         <name>__aeabi_memset</name>
         <value>0x13bf</value>
         <object_component_ref idref="oc-57"/>
      </symbol>
      <symbol id="sm-253">
         <name>memset</name>
         <value>0x13c5</value>
         <object_component_ref idref="oc-57"/>
      </symbol>
      <symbol id="sm-254">
         <name>__aeabi_memset8</name>
         <value>0x13bf</value>
         <object_component_ref idref="oc-57"/>
      </symbol>
      <symbol id="sm-255">
         <name>__aeabi_memset4</name>
         <value>0x13bf</value>
         <object_component_ref idref="oc-57"/>
      </symbol>
      <symbol id="sm-256">
         <name>__aeabi_memclr8</name>
         <value>0x13bd</value>
         <object_component_ref idref="oc-57"/>
      </symbol>
      <symbol id="sm-257">
         <name>__aeabi_memclr4</name>
         <value>0x13bd</value>
         <object_component_ref idref="oc-57"/>
      </symbol>
      <symbol id="sm-258">
         <name>__aeabi_memclr</name>
         <value>0x13bd</value>
         <object_component_ref idref="oc-57"/>
      </symbol>
      <symbol id="sm-262">
         <name>__mpu_init</name>
         <value>0x1437</value>
         <object_component_ref idref="oc-63"/>
      </symbol>
      <symbol id="sm-26c">
         <name>_system_pre_init</name>
         <value>0x197f</value>
         <object_component_ref idref="oc-69"/>
      </symbol>
      <symbol id="sm-274">
         <name>main_func_sp</name>
         <value>0x20000c78</value>
         <object_component_ref idref="oc-81"/>
      </symbol>
      <symbol id="sm-283">
         <name>__aeabi_uidivmod</name>
         <value>0x175b</value>
         <object_component_ref idref="oc-216"/>
      </symbol>
      <symbol id="sm-284">
         <name>__aeabi_uidiv</name>
         <value>0x175b</value>
         <object_component_ref idref="oc-216"/>
      </symbol>
      <symbol id="sm-29d">
         <name>_nop</name>
         <value>0x18a7</value>
         <object_component_ref idref="oc-1cb"/>
      </symbol>
      <symbol id="sm-29e">
         <name>_lock</name>
         <value>0x20000c68</value>
         <object_component_ref idref="oc-144"/>
      </symbol>
      <symbol id="sm-29f">
         <name>_unlock</name>
         <value>0x20000c6c</value>
         <object_component_ref idref="oc-144"/>
      </symbol>
      <symbol id="sm-2a0">
         <name>_register_lock</name>
         <value>0x189f</value>
         <object_component_ref idref="oc-1cb"/>
      </symbol>
      <symbol id="sm-2a1">
         <name>_register_unlock</name>
         <value>0x1899</value>
         <object_component_ref idref="oc-1cb"/>
      </symbol>
      <symbol id="sm-2b5">
         <name>_args_main</name>
         <value>0x186d</value>
         <object_component_ref idref="oc-75"/>
      </symbol>
      <symbol id="sm-2df">
         <name>__TI_auto_init</name>
         <value>0x1439</value>
         <object_component_ref idref="oc-6f"/>
      </symbol>
      <symbol id="sm-2f9">
         <name>copy_in</name>
         <value>0x1681</value>
         <object_component_ref idref="oc-12b"/>
      </symbol>
      <symbol id="sm-303">
         <name>__aeabi_idiv0</name>
         <value>0xf93</value>
         <object_component_ref idref="oc-238"/>
      </symbol>
      <symbol id="sm-30d">
         <name>_system_post_cinit</name>
         <value>0x179b</value>
         <object_component_ref idref="oc-131"/>
      </symbol>
      <symbol id="sm-33f">
         <name>GPIOPinConfigure</name>
         <value>0x16cd</value>
         <object_component_ref idref="oc-c4"/>
      </symbol>
      <symbol id="sm-340">
         <name>GPIOPinTypeUART</name>
         <value>0x18ad</value>
         <object_component_ref idref="oc-ca"/>
      </symbol>
      <symbol id="sm-341">
         <name>GPIODirModeSet</name>
         <value>0x1809</value>
         <object_component_ref idref="oc-161"/>
      </symbol>
      <symbol id="sm-342">
         <name>GPIOPadConfigSet</name>
         <value>0xe61</value>
         <object_component_ref idref="oc-167"/>
      </symbol>
      <symbol id="sm-372">
         <name>IntEnable</name>
         <value>0x14a9</value>
         <object_component_ref idref="oc-9e"/>
      </symbol>
      <symbol id="sm-373">
         <name>IntMasterEnable</name>
         <value>0x18d1</value>
         <object_component_ref idref="oc-e2"/>
      </symbol>
      <symbol id="sm-3d0">
         <name>SysCtlPeripheralPresent</name>
         <value>0x179d</value>
         <object_component_ref idref="oc-201"/>
      </symbol>
      <symbol id="sm-3d1">
         <name>SysCtlClockSet</name>
         <value>0x11b1</value>
         <object_component_ref idref="oc-1b3"/>
      </symbol>
      <symbol id="sm-3d2">
         <name>SysCtlDelay</name>
         <value>0x196b</value>
         <object_component_ref idref="oc-1bf"/>
      </symbol>
      <symbol id="sm-3d3">
         <name>SysCtlPeripheralEnable</name>
         <value>0x17d5</value>
         <object_component_ref idref="oc-86"/>
      </symbol>
      <symbol id="sm-3d4">
         <name>SysCtlClockGet</name>
         <value>0xf95</value>
         <object_component_ref idref="oc-d0"/>
      </symbol>
      <symbol id="sm-412">
         <name>TimerLoadSet</name>
         <value>0x18bf</value>
         <object_component_ref idref="oc-a4"/>
      </symbol>
      <symbol id="sm-413">
         <name>TimerDisable</name>
         <value>0x1855</value>
         <object_component_ref idref="oc-92"/>
      </symbol>
      <symbol id="sm-414">
         <name>TimerEnable</name>
         <value>0x18e1</value>
         <object_component_ref idref="oc-aa"/>
      </symbol>
      <symbol id="sm-415">
         <name>TimerIntEnable</name>
         <value>0x195b</value>
         <object_component_ref idref="oc-98"/>
      </symbol>
      <symbol id="sm-416">
         <name>TimerConfigure</name>
         <value>0x1579</value>
         <object_component_ref idref="oc-8c"/>
      </symbol>
      <symbol id="sm-417">
         <name>TimerIntClear</name>
         <value>0x1977</value>
         <object_component_ref idref="oc-b0"/>
      </symbol>
      <symbol id="sm-47a">
         <name>UARTConfigSetExpClk</name>
         <value>0x1715</value>
         <object_component_ref idref="oc-d6"/>
      </symbol>
      <symbol id="sm-47b">
         <name>UARTDisable</name>
         <value>0x1835</value>
         <object_component_ref idref="oc-172"/>
      </symbol>
      <symbol id="sm-47c">
         <name>UARTIntEnable</name>
         <value>0x1963</value>
         <object_component_ref idref="oc-e8"/>
      </symbol>
      <symbol id="sm-47d">
         <name>UARTCharsAvail</name>
         <value>0x18fd</value>
         <object_component_ref idref="oc-106"/>
      </symbol>
      <symbol id="sm-47e">
         <name>UARTCharGetNonBlocking</name>
         <value>0x18ef</value>
         <object_component_ref idref="oc-100"/>
      </symbol>
      <symbol id="sm-47f">
         <name>UARTClockSourceSet</name>
         <value>0x1971</value>
         <object_component_ref idref="oc-1a7"/>
      </symbol>
      <symbol id="sm-480">
         <name>UARTCharPut</name>
         <value>0x1947</value>
         <object_component_ref idref="oc-ee"/>
      </symbol>
      <symbol id="sm-481">
         <name>UARTEnable</name>
         <value>0x1885</value>
         <object_component_ref idref="oc-178"/>
      </symbol>
      <symbol id="sm-482">
         <name>UARTIntClear</name>
         <value>0x197b</value>
         <object_component_ref idref="oc-fa"/>
      </symbol>
      <symbol id="sm-483">
         <name>UARTIntStatus</name>
         <value>0x1951</value>
         <object_component_ref idref="oc-f4"/>
      </symbol>
      <symbol id="sm-484">
         <name>UARTCharGet</name>
         <value>0x193d</value>
         <object_component_ref idref="oc-207"/>
      </symbol>
      <symbol id="sm-48e">
         <name>CPUcpsie</name>
         <value>0x1919</value>
         <object_component_ref idref="oc-182"/>
      </symbol>
      <symbol id="sm-48f">
         <name>__TI_static_base__</name>
         <value>0x0</value>
      </symbol>
      <symbol id="sm-492">
         <name>SHT$$INIT_ARRAY$$Limit</name>
         <value>0x0</value>
      </symbol>
      <symbol id="sm-493">
         <name>SHT$$INIT_ARRAY$$Base</name>
         <value>0x0</value>
      </symbol>
   </symbol_table>
   <title>Link successful</title>
</link_info>
